Component: Arm Compiler for Embedded 6.19 Tool: armlink [5e73cb00]

==============================================================================

Section Cross References

    startup_stm32f407xx.o(STACK) refers (Special) to heapauxi.o(.text) for __use_two_region_memory
    startup_stm32f407xx.o(HEAP) refers (Special) to heapauxi.o(.text) for __use_two_region_memory
    startup_stm32f407xx.o(RESET) refers (Special) to heapauxi.o(.text) for __use_two_region_memory
    startup_stm32f407xx.o(RESET) refers to startup_stm32f407xx.o(STACK) for __initial_sp
    startup_stm32f407xx.o(RESET) refers to startup_stm32f407xx.o(.text) for Reset_Handler
    startup_stm32f407xx.o(RESET) refers to stm32f4xx_it.o(.text.NMI_Handler) for NMI_Handler
    startup_stm32f407xx.o(RESET) refers to context_rvds.o(.text) for HardFault_Handler
    startup_stm32f407xx.o(RESET) refers to stm32f4xx_it.o(.text.MemManage_Handler) for MemManage_Handler
    startup_stm32f407xx.o(RESET) refers to stm32f4xx_it.o(.text.BusFault_Handler) for BusFault_Handler
    startup_stm32f407xx.o(RESET) refers to stm32f4xx_it.o(.text.UsageFault_Handler) for UsageFault_Handler
    startup_stm32f407xx.o(RESET) refers to stm32f4xx_it.o(.text.DebugMon_Handler) for DebugMon_Handler
    startup_stm32f407xx.o(RESET) refers to board.o(.text.SysTick_Handler) for SysTick_Handler
    startup_stm32f407xx.o(RESET) refers to stm32f4xx_it.o(.text.TIM1_UP_TIM10_IRQHandler) for TIM1_UP_TIM10_IRQHandler
    startup_stm32f407xx.o(.text) refers (Special) to heapauxi.o(.text) for __use_two_region_memory
    startup_stm32f407xx.o(.text) refers to system_stm32f4xx.o(.text.SystemInit) for SystemInit
    startup_stm32f407xx.o(.text) refers to __main.o(!!!main) for __main
    startup_stm32f407xx.o(.text) refers to startup_stm32f407xx.o(HEAP) for Heap_Mem
    startup_stm32f407xx.o(.text) refers to startup_stm32f407xx.o(STACK) for Stack_Mem
    main.o(.text.timeslice_sample) refers to main.o(.text.thread_entry) for thread_entry
    main.o(.text.timeslice_sample) refers to thread.o(.text.rt_thread_create) for rt_thread_create
    main.o(.text.timeslice_sample) refers to thread.o(.text.rt_thread_startup) for rt_thread_startup
    main.o(.ARM.exidx.text.timeslice_sample) refers to main.o(.text.timeslice_sample) for [Anonymous Symbol]
    main.o(.ARM.exidx.text.thread_entry) refers to main.o(.text.thread_entry) for [Anonymous Symbol]
    main.o(.text.main) refers to stm32f4xx_hal_gpio.o(.text.HAL_GPIO_WritePin) for HAL_GPIO_WritePin
    main.o(.text.main) refers to stm32f4xx_hal_gpio.o(.text.HAL_GPIO_Init) for HAL_GPIO_Init
    main.o(.text.main) refers to main.o(.bss.huart2) for huart2
    main.o(.text.main) refers to stm32f4xx_hal_uart.o(.text.HAL_UART_Init) for HAL_UART_Init
    main.o(.text.main) refers to stm32f4xx_hal_gpio.o(.text.HAL_GPIO_TogglePin) for HAL_GPIO_TogglePin
    main.o(.text.main) refers to kservice.o(.text.rt_kprintf) for rt_kprintf
    main.o(.text.main) refers to thread.o(.text.rt_thread_mdelay) for rt_thread_mdelay
    main.o(.ARM.exidx.text.main) refers to main.o(.text.main) for [Anonymous Symbol]
    main.o(.text.SystemClock_Config) refers to stm32f4xx_hal_rcc.o(.text.HAL_RCC_OscConfig) for HAL_RCC_OscConfig
    main.o(.text.SystemClock_Config) refers to stm32f4xx_hal_rcc.o(.text.HAL_RCC_ClockConfig) for HAL_RCC_ClockConfig
    main.o(.ARM.exidx.text.SystemClock_Config) refers to main.o(.text.SystemClock_Config) for [Anonymous Symbol]
    main.o(.ARM.exidx.text.Error_Handler) refers to main.o(.text.Error_Handler) for [Anonymous Symbol]
    main.o(.text.HAL_TIM_PeriodElapsedCallback) refers to stm32f4xx_hal.o(.text.HAL_IncTick) for HAL_IncTick
    main.o(.ARM.exidx.text.HAL_TIM_PeriodElapsedCallback) refers to main.o(.text.HAL_TIM_PeriodElapsedCallback) for [Anonymous Symbol]
    stm32f4xx_it.o(.ARM.exidx.text.NMI_Handler) refers to stm32f4xx_it.o(.text.NMI_Handler) for [Anonymous Symbol]
    stm32f4xx_it.o(.ARM.exidx.text.MemManage_Handler) refers to stm32f4xx_it.o(.text.MemManage_Handler) for [Anonymous Symbol]
    stm32f4xx_it.o(.ARM.exidx.text.BusFault_Handler) refers to stm32f4xx_it.o(.text.BusFault_Handler) for [Anonymous Symbol]
    stm32f4xx_it.o(.ARM.exidx.text.UsageFault_Handler) refers to stm32f4xx_it.o(.text.UsageFault_Handler) for [Anonymous Symbol]
    stm32f4xx_it.o(.ARM.exidx.text.DebugMon_Handler) refers to stm32f4xx_it.o(.text.DebugMon_Handler) for [Anonymous Symbol]
    stm32f4xx_it.o(.text.TIM1_UP_TIM10_IRQHandler) refers to stm32f4xx_hal_timebase_tim.o(.bss.htim1) for htim1
    stm32f4xx_it.o(.text.TIM1_UP_TIM10_IRQHandler) refers to stm32f4xx_hal_tim.o(.text.HAL_TIM_IRQHandler) for HAL_TIM_IRQHandler
    stm32f4xx_it.o(.ARM.exidx.text.TIM1_UP_TIM10_IRQHandler) refers to stm32f4xx_it.o(.text.TIM1_UP_TIM10_IRQHandler) for [Anonymous Symbol]
    stm32f4xx_hal_msp.o(.ARM.exidx.text.HAL_MspInit) refers to stm32f4xx_hal_msp.o(.text.HAL_MspInit) for [Anonymous Symbol]
[...]
    .ARM.Collect$$libinit$$00000004          0x08000202   Section        0  libinit2.o(.ARM.Collect$$libinit$$00000004)
    .ARM.Collect$$libinit$$00000006          0x08000202   Section        0  libinit2.o(.ARM.Collect$$libinit$$00000006)
    .ARM.Collect$$libinit$$0000000C          0x08000202   Section        0  libinit2.o(.ARM.Collect$$libinit$$0000000C)
    .ARM.Collect$$libinit$$0000000E          0x08000202   Section        0  libinit2.o(.ARM.Collect$$libinit$$0000000E)
    .ARM.Collect$$libinit$$00000010          0x08000202   Section        0  libinit2.o(.ARM.Collect$$libinit$$00000010)
    .ARM.Collect$$libinit$$00000013          0x08000202   Section        0  libinit2.o(.ARM.Collect$$libinit$$00000013)
    .ARM.Collect$$libinit$$00000015          0x08000202   Section        0  libinit2.o(.ARM.Collect$$libinit$$00000015)
    .ARM.Collect$$libinit$$00000017          0x08000202   Section        0  libinit2.o(.ARM.Collect$$libinit$$00000017)
    .ARM.Collect$$libinit$$00000019          0x08000202   Section        0  libinit2.o(.ARM.Collect$$libinit$$00000019)
    .ARM.Collect$$libinit$$0000001B          0x08000202   Section        0  libinit2.o(.ARM.Collect$$libinit$$0000001B)
    .ARM.Collect$$libinit$$0000001D          0x08000202   Section        0  libinit2.o(.ARM.Collect$$libinit$$0000001D)
    .ARM.Collect$$libinit$$0000001F          0x08000202   Section        0  libinit2.o(.ARM.Collect$$libinit$$0000001F)
    .ARM.Collect$$libinit$$00000021          0x08000202   Section        0  libinit2.o(.ARM.Collect$$libinit$$00000021)
    .ARM.Collect$$libinit$$00000023          0x08000202   Section        0  libinit2.o(.ARM.Collect$$libinit$$00000023)
    .ARM.Collect$$libinit$$00000025          0x08000202   Section        0  libinit2.o(.ARM.Collect$$libinit$$00000025)
    .ARM.Collect$$libinit$$00000027          0x08000202   Section        0  libinit2.o(.ARM.Collect$$libinit$$00000027)
    .ARM.Collect$$libinit$$0000002E          0x08000202   Section        0  libinit2.o(.ARM.Collect$$libinit$$0000002E)
    .ARM.Collect$$libinit$$00000030          0x08000202   Section        0  libinit2.o(.ARM.Collect$$libinit$$00000030)
    .ARM.Collect$$libinit$$00000032          0x08000202   Section        0  libinit2.o(.ARM.Collect$$libinit$$00000032)
    .ARM.Collect$$libinit$$00000034          0x08000202   Section        0  libinit2.o(.ARM.Collect$$libinit$$00000034)
    .ARM.Collect$$libinit$$00000035          0x08000202   Section        2  libinit2.o(.ARM.Collect$$libinit$$00000035)
    .ARM.Collect$$libshutdown$$00000000      0x08000204   Section        2  libshutdown.o(.ARM.Collect$$libshutdown$$00000000)
    .ARM.Collect$$libshutdown$$00000002      0x08000206   Section        0  libshutdown2.o(.ARM.Collect$$libshutdown$$00000002)
    .ARM.Collect$$libshutdown$$00000004      0x08000206   Section        0  libshutdown2.o(.ARM.Collect$$libshutdown$$00000004)
    .ARM.Collect$$libshutdown$$00000007      0x08000206   Section        0  libshutdown2.o(.ARM.Collect$$libshutdown$$00000007)
    .ARM.Collect$$libshutdown$$0000000A      0x08000206   Section        0  libshutdown2.o(.ARM.Collect$$libshutdown$$0000000A)
    .ARM.Collect$$libshutdown$$0000000C      0x08000206   Section        0  libshutdown2.o(.ARM.Collect$$libshutdown$$0000000C)
    .ARM.Collect$$libshutdown$$0000000F      0x08000206   Section        0  libshutdown2.o(.ARM.Collect$$libshutdown$$0000000F)
    .ARM.Collect$$libshutdown$$00000010      0x08000206   Section        2  libshutdown2.o(.ARM.Collect$$libshutdown$$00000010)
    .ARM.Collect$$rtentry$$00000000          0x08000208   Section        0  __rtentry.o(.ARM.Collect$$rtentry$$00000000)
    .ARM.Collect$$rtentry$$00000002          0x08000208   Section        0  __rtentry2.o(.ARM.Collect$$rtentry$$00000002)
    .ARM.Collect$$rtentry$$00000004          0x08000208   Section        6  __rtentry4.o(.ARM.Collect$$rtentry$$00000004)
    .ARM.Collect$$rtentry$$00000009          0x0800020e   Section        0  __rtentry2.o(.ARM.Collect$$rtentry$$00000009)
    .ARM.Collect$$rtentry$$0000000A          0x0800020e   Section        4  __rtentry2.o(.ARM.Collect$$rtentry$$0000000A)
    .ARM.Collect$$rtentry$$0000000C          0x08000212   Section        0  __rtentry2.o(.ARM.Collect$$rtentry$$0000000C)
    .ARM.Collect$$rtentry$$0000000D          0x08000212   Section        8  __rtentry2.o(.ARM.Collect$$rtentry$$0000000D)
    .ARM.Collect$$rtexit$$00000000           0x0800021a   Section        2  rtexit.o(.ARM.Collect$$rtexit$$00000000)
    .ARM.Collect$$rtexit$$00000002           0x0800021c   Section        0  rtexit2.o(.ARM.Collect$$rtexit$$00000002)
    .ARM.Collect$$rtexit$$00000003           0x0800021c   Section        4  rtexit2.o(.ARM.Collect$$rtexit$$00000003)
    .ARM.Collect$$rtexit$$00000004           0x08000220   Section        6  rtexit2.o(.ARM.Collect$$rtexit$$00000004)
    $v0                                      0x08000228   Number         0  startup_stm32f407xx.o(.text)
    .text                                    0x08000228   Section       64  startup_stm32f407xx.o(.text)
    $v0                                      0x08000268   Number         0  context_rvds.o(.text)
    .text                                    0x08000268   Section      308  context_rvds.o(.text)
    .text                                    0x0800039c   Section      240  lludivv7m.o(.text)
    .text                                    0x0800048c   Section       16  aeabi_memset.o(.text)
    .text                                    0x0800049c   Section       68  rt_memclr.o(.text)
    .text                                    0x080004e0   Section        0  heapauxi.o(.text)
    .text                                    0x080004e6   Section       78  rt_memclr_w.o(.text)
    .text                                    0x08000534   Section       74  sys_stackheap_outer.o(.text)
    .text                                    0x0800057e   Section        0  exit.o(.text)
    .text                                    0x08000590   Section        8  libspace.o(.text)
    .text                                    0x08000598   Section        0  sys_exit.o(.text)
    .text                                    0x080005a4   Section        2  use_no_semi.o(.text)
    .text                                    0x080005a6   Section        0  indicate_semi.o(.text)
    [Anonymous Symbol]                       0x080005a8   Section        0  components.o(.text.$Sub$$main)
    [Anonymous Symbol]                       0x080005fc   Section        0  stm32f4xx_it.o(.text.BusFault_Handler)
    [Anonymous Symbol]                       0x08000600   Section        0  stm32f4xx_it.o(.text.DebugMon_Handler)
    [Anonymous Symbol]                       0x08000604   Section        0  stm32f4xx_hal_gpio.o(.text.HAL_GPIO_Init)
    [Anonymous Symbol]                       0x080007ac   Section        0  stm32f4xx_hal_gpio.o(.text.HAL_GPIO_TogglePin)
    [Anonymous Symbol]                       0x080007bc   Section        0  stm32f4xx_hal_gpio.o(.text.HAL_GPIO_WritePin)
    [Anonymous Symbol]                       0x080007c8   Section        0  stm32f4xx_hal.o(.text.HAL_GetTick)
    [Anonymous Symbol]                       0x080007d4   Section        0  stm32f4xx_hal.o(.text.HAL_IncTick)
    [Anonymous Symbol]                       0x080007f0   Section        0  stm32f4xx_hal.o(.text.HAL_Init)
    [Anonymous Symbol]                       0x08000828   Section        0  stm32f4xx_hal_timebase_tim.o(.text.HAL_InitTick)
    [Anonymous Symbol]                       0x080008d8   Section        0  stm32f4xx_hal_msp.o(.text.HAL_MspInit)
    [Anonymous Symbol]                       0x08000910   Section        0  stm32f4xx_hal_cortex.o(.text.HAL_NVIC_EnableIRQ)
    [Anonymous Symbol]                       0x08000938   Section        0  stm32f4xx_hal_cortex.o(.text.HAL_NVIC_SetPriority)
    [Anonymous Symbol]                       0x08000990   Section        0  stm32f4xx_hal_cortex.o(.text.HAL_NVIC_SetPriorityGrouping)
    [Anonymous Symbol]                       0x080009b0   Section        0  stm32f4xx_hal_rcc.o(.text.HAL_RCC_ClockConfig)
    [Anonymous Symbol]                       0x08000b10   Section        0  stm32f4xx_hal_rcc.o(.text.HAL_RCC_GetClockConfig)
    [Anonymous Symbol]                       0x08000b50   Section        0  stm32f4xx_hal_rcc.o(.text.HAL_RCC_GetHCLKFreq)
    [Anonymous Symbol]                       0x08000b5c   Section        0  stm32f4xx_hal_rcc.o(.text.HAL_RCC_GetPCLK1Freq)
    [Anonymous Symbol]                       0x08000b84   Section        0  stm32f4xx_hal_rcc.o(.text.HAL_RCC_GetPCLK2Freq)
    [Anonymous Symbol]                       0x08000bac   Section        0  stm32f4xx_hal_rcc.o(.text.HAL_RCC_GetSysClockFreq)
    [Anonymous Symbol]                       0x08000c18   Section        0  stm32f4xx_hal_rcc.o(.text.HAL_RCC_OscConfig)
    [Anonymous Symbol]                       0x08000f8c   Section        0  stm32f4xx_hal_cortex.o(.text.HAL_SYSTICK_Config)
    [Anonymous Symbol]                       0x08000fb8   Section        0  stm32f4xx_hal_tim_ex.o(.text.HAL_TIMEx_BreakCallback)
    [Anonymous Symbol]                       0x08000fbc   Section        0  stm32f4xx_hal_tim_ex.o(.text.HAL_TIMEx_CommutCallback)
    [Anonymous Symbol]                       0x08000fc0   Section        0  stm32f4xx_hal_tim.o(.text.HAL_TIM_Base_Init)
    [Anonymous Symbol]                       0x0800101c   Section        0  stm32f4xx_hal_tim.o(.text.HAL_TIM_Base_MspInit)
    [Anonymous Symbol]                       0x08001020   Section        0  stm32f4xx_hal_tim.o(.text.HAL_TIM_Base_Start_IT)
    [Anonymous Symbol]                       0x080010cc   Section        0  stm32f4xx_hal_tim.o(.text.HAL_TIM_IC_CaptureCallback)
    [Anonymous Symbol]                       0x080010d0   Section        0  stm32f4xx_hal_tim.o(.text.HAL_TIM_IRQHandler)
    [Anonymous Symbol]                       0x08001240   Section        0  stm32f4xx_hal_tim.o(.text.HAL_TIM_OC_DelayElapsedCallback)
    [Anonymous Symbol]                       0x08001244   Section        0  stm32f4xx_hal_tim.o(.text.HAL_TIM_PWM_PulseFinishedCallback)
    [Anonymous Symbol]                       0x08001248   Section        0  main.o(.text.HAL_TIM_PeriodElapsedCallback)
    [Anonymous Symbol]                       0x0800125c   Section        0  stm32f4xx_hal_tim.o(.text.HAL_TIM_TriggerCallback)
    [Anonymous Symbol]                       0x08001260   Section        0  stm32f4xx_hal_uart.o(.text.HAL_UART_Init)
    [Anonymous Symbol]                       0x080012c0   Section        0  stm32f4xx_hal_msp.o(.text.HAL_UART_MspInit)
    [Anonymous Symbol]                       0x0800132c   Section        0  stm32f4xx_hal_uart.o(.text.HAL_UART_Transmit)
    [Anonymous Symbol]                       0x080015b4   Section        0  stm32f4xx_it.o(.text.MemManage_Handler)
    [Anonymous Symbol]                       0x080015b8   Section        0  stm32f4xx_it.o(.text.NMI_Handler)
    [Anonymous Symbol]                       0x080015bc   Section        0  board.o(.text.SysTick_Handler)
    [Anonymous Symbol]                       0x080015d0   Section        0  main.o(.text.SystemClock_Config)
    [Anonymous Symbol]                       0x0800167c   Section        0  system_stm32f4xx.o(.text.SystemCoreClockUpdate)
    [Anonymous Symbol]                       0x08001704   Section        0  system_stm32f4xx.o(.text.SystemInit)
    [Anonymous Symbol]                       0x08001718   Section        0  stm32f4xx_it.o(.text.TIM1_UP_TIM10_IRQHandler)
    [Anonymous Symbol]                       0x08001724   Section        0  stm32f4xx_hal_tim.o(.text.TIM_Base_SetConfig)
    UART_SetConfig                           0x08001861   Thumb Code   238  stm32f4xx_hal_uart.o(.text.UART_SetConfig)
    [Anonymous Symbol]                       0x08001860   Section        0  stm32f4xx_hal_uart.o(.text.UART_SetConfig)
    [Anonymous Symbol]                       0x08001950   Section        0  stm32f4xx_it.o(.text.UsageFault_Handler)
    [Anonymous Symbol]                       0x08001954   Section        0  kservice.o(.text.__rt_ffs)
    [Anonymous Symbol]                       0x0800198c   Section        0  main.o(.text.main)
    [Anonymous Symbol]                       0x08001a44   Section        0  components.o(.text.main_thread_entry)
    print_number                             0x08001a79   Thumb Code  1248  kservice.o(.text.print_number)
    [Anonymous Symbol]                       0x08001a78   Section        0  kservice.o(.text.print_number)
    print_number.small_digits                0x08001f58   Number         0  kservice.o(.text.print_number)
    print_number.large_digits                0x08001f6c   Number         0  kservice.o(.text.print_number)
    [Anonymous Symbol]                       0x08001f80   Section        0  components.o(.text.rt_components_board_init)
    [Anonymous Symbol]                       0x08001fac   Section        0  scheduler.o(.text.rt_enter_critical)
    [Anonymous Symbol]                       0x08001fc8   Section        0  scheduler.o(.text.rt_exit_critical)
    [Anonymous Symbol]                       0x08002060   Section        0  mem.o(.text.rt_free)
    [Anonymous Symbol]                       0x08002184   Section        0  board.o(.text.rt_heap_begin_get)
    [Anonymous Symbol]                       0x08002190   Section        0  board.o(.text.rt_heap_end_get)
    [Anonymous Symbol]                       0x080021a0   Section        0  board.o(.text.rt_hw_board_init)
    [Anonymous Symbol]                       0x080021e0   Section        0  board.o(.text.rt_hw_console_output)
    [Anonymous Symbol]                       0x08002240   Section        0  cpuport.o(.text.rt_hw_hard_fault_exception)
    [Anonymous Symbol]                       0x080023e4   Section        0  cpuport.o(.text.rt_hw_stack_init)
    [Anonymous Symbol]                       0x08002428   Section        0  irq.o(.text.rt_interrupt_enter)
    [Anonymous Symbol]                       0x08002444   Section        0  irq.o(.text.rt_interrupt_leave)
    [Anonymous Symbol]                       0x08002460   Section        0  kservice.o(.text.rt_kprintf)
    [Anonymous Symbol]                       0x08002494   Section        0  mem.o(.text.rt_malloc)
    [Anonymous Symbol]                       0x08002620   Section        0  kservice.o(.text.rt_memset)
    [Anonymous Symbol]                       0x08002718   Section        0  object.o(.text.rt_object_allocate)
    [Anonymous Symbol]                       0x08002788   Section        0  object.o(.text.rt_object_delete)
    [Anonymous Symbol]                       0x080027b4   Section        0  object.o(.text.rt_object_detach)
    [Anonymous Symbol]                       0x080027d8   Section        0  object.o(.text.rt_object_init)
    [Anonymous Symbol]                       0x08002858   Section        0  object.o(.text.rt_object_is_systemobject)
    [Anonymous Symbol]                       0x08002860   Section        0  scheduler.o(.text.rt_schedule)
    [Anonymous Symbol]                       0x080028d4   Section        0  scheduler.o(.text.rt_schedule_insert_thread)
    [Anonymous Symbol]                       0x08002928   Section        0  scheduler.o(.text.rt_schedule_remove_thread)
    [Anonymous Symbol]                       0x08002980   Section        0  ipc.o(.text.rt_sem_init)
    [Anonymous Symbol]                       0x080029a0   Section        0  ipc.o(.text.rt_sem_release)
    [Anonymous Symbol]                       0x080029f4   Section        0  ipc.o(.text.rt_sem_take)
    [Anonymous Symbol]                       0x08002ae4   Section        0  kservice.o(.text.rt_show_version)
    [Anonymous Symbol]                       0x08002b9c   Section        0  kservice.o(.text.rt_strlen)
    [Anonymous Symbol]                       0x08002bcc   Section        0  kservice.o(.text.rt_strncpy)
    [Anonymous Symbol]                       0x08002c54   Section        0  mem.o(.text.rt_system_heap_init)
    [Anonymous Symbol]                       0x08002d10   Section        0  scheduler.o(.text.rt_system_scheduler_init)
    [Anonymous Symbol]                       0x08002e3c   Section        0  scheduler.o(.text.rt_system_scheduler_start)
    [Anonymous Symbol]                       0x08002e6c   Section        0  timer.o(.text.rt_system_timer_init)
    [Anonymous Symbol]                       0x08002e7c   Section        0  timer.o(.text.rt_system_timer_thread_init)
    [Anonymous Symbol]                       0x08002e80   Section        0  thread.o(.text.rt_thread_create)
    [Anonymous Symbol]                       0x08002f30   Section        0  thread.o(.text.rt_thread_exit)
    rt_thread_idle_entry                     0x08002fad   Thumb Code    62  idle.o(.text.rt_thread_idle_entry)
    [Anonymous Symbol]                       0x08002fac   Section        0  idle.o(.text.rt_thread_idle_entry)
    [Anonymous Symbol]                       0x08002fec   Section        0  idle.o(.text.rt_thread_idle_init)
    [Anonymous Symbol]                       0x0800303c   Section        0  thread.o(.text.rt_thread_init)
    [Anonymous Symbol]                       0x080030cc   Section        0  thread.o(.text.rt_thread_mdelay)
    [Anonymous Symbol]                       0x080030dc   Section        0  thread.o(.text.rt_thread_resume)
    [Anonymous Symbol]                       0x08003124   Section        0  thread.o(.text.rt_thread_self)
    [Anonymous Symbol]                       0x08003130   Section        0  thread.o(.text.rt_thread_sleep)
    [Anonymous Symbol]                       0x080031a8   Section        0  thread.o(.text.rt_thread_startup)
    [Anonymous Symbol]                       0x08003204   Section        0  thread.o(.text.rt_thread_suspend)
    [Anonymous Symbol]                       0x08003248   Section        0  thread.o(.text.rt_thread_timeout)
    [Anonymous Symbol]                       0x08003270   Section        0  thread.o(.text.rt_thread_yield)
    [Anonymous Symbol]                       0x080032d4   Section        0  clock.o(.text.rt_tick_from_millisecond)
    [Anonymous Symbol]                       0x08003308   Section        0  clock.o(.text.rt_tick_get)
    [Anonymous Symbol]                       0x08003314   Section        0  clock.o(.text.rt_tick_increase)
    [Anonymous Symbol]                       0x08003348   Section        0  timer.o(.text.rt_timer_check)
    [Anonymous Symbol]                       0x080034d0   Section        0  timer.o(.text.rt_timer_control)
    [Anonymous Symbol]                       0x08003538   Section        0  timer.o(.text.rt_timer_detach)
    [Anonymous Symbol]                       0x08003568   Section        0  timer.o(.text.rt_timer_init)
    [Anonymous Symbol]                       0x0800359c   Section        0  timer.o(.text.rt_timer_start)
    [Anonymous Symbol]                       0x08003670   Section        0  timer.o(.text.rt_timer_stop)
    [Anonymous Symbol]                       0x080036a8   Section        0  kservice.o(.text.rt_vsnprintf)
    rti_board_end                            0x08003e9d   Thumb Code     4  components.o(.text.rti_board_end)
    [Anonymous Symbol]                       0x08003e9c   Section        0  components.o(.text.rti_board_end)
    rti_board_start                          0x08003ea1   Thumb Code     4  components.o(.text.rti_board_start)
    [Anonymous Symbol]                       0x08003ea0   Section        0  components.o(.text.rti_board_start)
    rti_end                                  0x08003ea5   Thumb Code     4  components.o(.text.rti_end)
    [Anonymous Symbol]                       0x08003ea4   Section        0  components.o(.text.rti_end)
    rti_start                                0x08003ea9   Thumb Code     4  components.o(.text.rti_start)
    [Anonymous Symbol]                       0x08003ea8   Section        0  components.o(.text.rti_start)
    uart_init                                0x08003ead   Thumb Code    56  board.o(.text.uart_init)
    [Anonymous Symbol]                       0x08003eac   Section        0  board.o(.text.uart_init)
    $v0                                      0x08003ee4   Number         0  fpinit.o(x$fpl$fpinit)
    x$fpl$fpinit                             0x08003ee4   Section       26  fpinit.o(x$fpl$fpinit)
    .L.str                                   0x08004016   Data           5  components.o(.rodata.str1.1)
    [Anonymous Symbol]                       0x08004016   Section        0  components.o(.rodata.str1.1)
    .L.str.17                                0x0800401b   Data          26  cpuport.o(.rodata.str1.1)
    [Anonymous Symbol]                       0x0800401b   Section        0  cpuport.o(.rodata.str1.1)
    .L.str.16                                0x08004035   Data          29  cpuport.o(.rodata.str1.1)
    .L.str.18                                0x08004052   Data          14  cpuport.o(.rodata.str1.1)
    .L.str.1                                 0x08004060   Data          13  cpuport.o(.rodata.str1.1)
    .L.str.2                                 0x0800406d   Data          13  cpuport.o(.rodata.str1.1)
    .L.str.3                                 0x0800407a   Data          13  cpuport.o(.rodata.str1.1)
    .L.str.4                                 0x08004087   Data          13  cpuport.o(.rodata.str1.1)
    .L.str.5                                 0x08004094   Data          13  cpuport.o(.rodata.str1.1)
    .L.str                                   0x080040a1   Data          13  cpuport.o(.rodata.str1.1)
    __tagsym$$used.0                         0x080040b0   Number         0  components.o(.rti_fn.0)
    __tagsym$$used.1                         0x080040b4   Number         0  components.o(.rti_fn.0.end)
    __tagsym$$used.0                         0x080040b8   Number         0  board.o(.rti_fn.1)
    __tagsym$$used.2                         0x080040bc   Number         0  components.o(.rti_fn.1.end)
    __tagsym$$used.3                         0x080040c0   Number         0  components.o(.rti_fn.6.end)
    .L_MergedGlobals                         0x20000000   Data           8  stm32f4xx_hal.o(.data..L_MergedGlobals)
    [Anonymous Symbol]                       0x20000000   Section        0  stm32f4xx_hal.o(.data..L_MergedGlobals)
    rt_object_container                      0x2000000c   Data          48  object.o(.data.rt_object_container)
    [Anonymous Symbol]                       0x2000000c   Section        0  object.o(.data.rt_object_container)
    .bss                                     0x20000040   Section       96  libspace.o(.bss)
    .L_MergedGlobals                         0x200000a0   Data          56  mem.o(.bss..L_MergedGlobals)
    mem_size_aligned                         0x200000a0   Data           4  mem.o(.bss..L_MergedGlobals)
    [Anonymous Symbol]                       0x200000a0   Section        0  mem.o(.bss..L_MergedGlobals)
    heap_ptr                                 0x200000a4   Data           4  mem.o(.bss..L_MergedGlobals)
    heap_end                                 0x200000a8   Data           4  mem.o(.bss..L_MergedGlobals)
    lfree                                    0x200000ac   Data           4  mem.o(.bss..L_MergedGlobals)
    used_mem                                 0x200000b0   Data           4  mem.o(.bss..L_MergedGlobals)
    max_mem                                  0x200000b4   Data           4  mem.o(.bss..L_MergedGlobals)
    heap_sem                                 0x200000b8   Data          32  mem.o(.bss..L_MergedGlobals)
    .L_MergedGlobals                         0x200000d8   Data          20  scheduler.o(.bss..L_MergedGlobals)
    [Anonymous Symbol]                       0x200000d8   Section        0  scheduler.o(.bss..L_MergedGlobals)
    rt_scheduler_lock_nest                   0x200000da   Data           2  scheduler.o(.bss..L_MergedGlobals)
    .L_MergedGlobals                         0x200000ec   Data          12  timer.o(.bss..L_MergedGlobals)
    rt_timer_start.random_nr                 0x200000ec   Data           4  timer.o(.bss..L_MergedGlobals)
    [Anonymous Symbol]                       0x200000ec   Section        0  timer.o(.bss..L_MergedGlobals)
    rt_timer_list                            0x200000f0   Data           8  timer.o(.bss..L_MergedGlobals)
    UartHandle                               0x200000f8   Data          68  board.o(.bss.UartHandle)
    [Anonymous Symbol]                       0x200000f8   Section        0  board.o(.bss.UartHandle)
    idle                                     0x200001c8   Data         120  idle.o(.bss.idle)
    [Anonymous Symbol]                       0x200001c8   Section        0  idle.o(.bss.idle)
    rt_exception_hook                        0x20000240   Data           4  cpuport.o(.bss.rt_exception_hook)
    [Anonymous Symbol]                       0x20000240   Section        0  cpuport.o(.bss.rt_exception_hook)
    rt_heap                                  0x20000244   Data       15360  board.o(.bss.rt_heap)
    [Anonymous Symbol]                       0x20000244   Section        0  board.o(.bss.rt_heap)
    rt_kprintf.rt_log_buf                    0x20003e50   Data         128  kservice.o(.bss.rt_kprintf.rt_log_buf)
    [Anonymous Symbol]                       0x20003e50   Section        0  kservice.o(.bss.rt_kprintf.rt_log_buf)
    rt_thread_stack                          0x20003fd0   Data         256  idle.o(.bss.rt_thread_stack)
    [Anonymous Symbol]                       0x20003fd0   Section        0  idle.o(.bss.rt_thread_stack)
    rt_tick                                  0x200040d4   Data           4  clock.o(.bss.rt_tick)
    [Anonymous Symbol]                       0x200040d4   Section        0  clock.o(.bss.rt_tick)
    Heap_Mem                                 0x200040e0   Data         512  startup_stm32f407xx.o(HEAP)
    HEAP                                     0x200040e0   Section      512  startup_stm32f407xx.o(HEAP)
    Stack_Mem                                0x200042e0   Data        1024  startup_stm32f407xx.o(STACK)
    STACK                                    0x200042e0   Section     1024  startup_stm32f407xx.o(STACK)
    __initial_sp                             0x200046e0   Data           0  startup_stm32f407xx.o(STACK)

    Global Symbols

    Symbol Name                              Value     Ov Type        Size  Object(Section)

    BuildAttributes$$THM_ISAv4$E$P$D$K$B$S$7EM$VFPi3$EXTD16$VFPS$VFMA$PE$A:L22UL41UL21$X:L11$S22US41US21$IEEE1$IW$~IW$USESV6$~STKCKD$USESV7$~SHL$OTIME$ROPI$EBA8$UX$STANDARDLIB$REQ8$PRES8$EABIv2 0x00000000   Number         0  anon$$obj.o ABSOLUTE
    __ARM_exceptions_init                     - Undefined Weak Reference
    __alloca_initialize                       - Undefined Weak Reference
    __arm_preinit_                            - Undefined Weak Reference
    __arm_relocate_pie_                       - Undefined Weak Reference
    __cpp_initialize__aeabi_                  - Undefined Weak Reference
    __cxa_finalize                            - Undefined Weak Reference
    __rt_locale                               - Undefined Weak Reference
    __sigvec_lookup                           - Undefined Weak Reference
    _atexit_init                              - Undefined Weak Reference
    _call_atexit_fns                          - Undefined Weak Reference
    _clock_init                               - Undefined Weak Reference
    _fp_trap_init                             - Undefined Weak Reference
    _fp_trap_shutdown                         - Undefined Weak Reference
    _get_lc_collate                           - Undefined Weak Reference
    _get_lc_ctype                             - Undefined Weak Reference
    _get_lc_monetary                          - Undefined Weak Reference
    _get_lc_numeric                           - Undefined Weak Reference
    _get_lc_time                              - Undefined Weak Reference
    _getenv_init                              - Undefined Weak Reference
    _handle_redirection                       - Undefined Weak Reference
    _init_alloc                               - Undefined Weak Reference
    _init_user_alloc                          - Undefined Weak Reference
    _initio                                   - Undefined Weak Reference
    _rand_init                                - Undefined Weak Reference
    _signal_finish                            - Undefined Weak Reference
    _signal_init                              - Undefined Weak Reference
    _terminate_alloc                          - Undefined Weak Reference
    _terminate_user_alloc                     - Undefined Weak Reference
    _terminateio                              - Undefined Weak Reference
    __Vectors_Size                           0x00000188   Number         0  startup_stm32f407xx.o ABSOLUTE
    __Vectors                                0x08000000   Data           4  startup_stm32f407xx.o(RESET)
    __Vectors_End                            0x08000188   Data           0  startup_stm32f407xx.o(RESET)
    __main                                   0x08000189   Thumb Code     8  __main.o(!!!main)
    __scatterload                            0x08000191   Thumb Code     0  __scatter.o(!!!scatter)
    __scatterload_rt2                        0x08000191   Thumb Code    44  __scatter.o(!!!scatter)
    __scatterload_rt2_thumb_only             0x08000191   Thumb Code     0  __scatter.o(!!!scatter)
    __scatterload_null                       0x0800019f   Thumb Code     0  __scatter.o(!!!scatter)
    __scatterload_copy                       0x080001c5   Thumb Code    26  __scatter_copy.o(!!handler_copy)
    __scatterload_zeroinit                   0x080001e1   Thumb Code    28  __scatter_zi.o(!!handler_zi)
    __rt_lib_init                            0x080001fd   Thumb Code     0  libinit.o(.ARM.Collect$$libinit$$00000000)
    __rt_lib_init_fp_1                       0x080001ff   Thumb Code     0  libinit2.o(.ARM.Collect$$libinit$$00000001)
    __rt_lib_init_alloca_1                   0x08000203   Thumb Code     0  libinit2.o(.ARM.Collect$$libinit$$00000030)
    __rt_lib_init_argv_1                     0x08000203   Thumb Code     0  libinit2.o(.ARM.Collect$$libinit$$0000002E)
    __rt_lib_init_atexit_1                   0x08000203   Thumb Code     0  libinit2.o(.ARM.Collect$$libinit$$0000001D)
    __rt_lib_init_clock_1                    0x08000203   Thumb Code     0  libinit2.o(.ARM.Collect$$libinit$$00000023)
    __rt_lib_init_cpp_1                      0x08000203   Thumb Code     0  libinit2.o(.ARM.Collect$$libinit$$00000034)
    __rt_lib_init_exceptions_1               0x08000203   Thumb Code     0  libinit2.o(.ARM.Collect$$libinit$$00000032)
    __rt_lib_init_fp_trap_1                  0x08000203   Thumb Code     0  libinit2.o(.ARM.Collect$$libinit$$00000021)
    __rt_lib_init_getenv_1                   0x08000203   Thumb Code     0  libinit2.o(.ARM.Collect$$libinit$$00000025)
    __rt_lib_init_heap_1                     0x08000203   Thumb Code     0  libinit2.o(.ARM.Collect$$libinit$$0000000C)
    __rt_lib_init_lc_collate_1               0x08000203   Thumb Code     0  libinit2.o(.ARM.Collect$$libinit$$00000013)
    __rt_lib_init_lc_ctype_1                 0x08000203   Thumb Code     0  libinit2.o(.ARM.Collect$$libinit$$00000015)
    __rt_lib_init_lc_monetary_1              0x08000203   Thumb Code     0  libinit2.o(.ARM.Collect$$libinit$$00000017)
    __rt_lib_init_lc_numeric_1               0x08000203   Thumb Code     0  libinit2.o(.ARM.Collect$$libinit$$00000019)
    __rt_lib_init_lc_time_1                  0x08000203   Thumb Code     0  libinit2.o(.ARM.Collect$$libinit$$0000001B)
    __rt_lib_init_preinit_1                  0x08000203   Thumb Code     0  libinit2.o(.ARM.Collect$$libinit$$00000006)
    __rt_lib_init_rand_1                     0x08000203   Thumb Code     0  libinit2.o(.ARM.Collect$$libinit$$00000010)
    __rt_lib_init_relocate_pie_1             0x08000203   Thumb Code     0  libinit2.o(.ARM.Collect$$libinit$$00000004)
    __rt_lib_init_return                     0x08000203   Thumb Code     0  libinit2.o(.ARM.Collect$$libinit$$00000035)
    __rt_lib_init_signal_1                   0x08000203   Thumb Code     0  libinit2.o(.ARM.Collect$$libinit$$0000001F)
    __rt_lib_init_stdio_1                    0x08000203   Thumb Code     0  libinit2.o(.ARM.Collect$$libinit$$00000027)
    __rt_lib_init_user_alloc_1               0x08000203   Thumb Code     0  libinit2.o(.ARM.Collect$$libinit$$0000000E)
    __rt_lib_shutdown                        0x08000205   Thumb Code     0  libshutdown.o(.ARM.Collect$$libshutdown$$00000000)
    __rt_lib_shutdown_cpp_1                  0x08000207   Thumb Code     0  libshutdown2.o(.ARM.Collect$$libshutdown$$00000002)
    __rt_lib_shutdown_fp_trap_1              0x08000207   Thumb Code     0  libshutdown2.o(.ARM.Collect$$libshutdown$$00000007)
    __rt_lib_shutdown_heap_1                 0x08000207   Thumb Code     0  libshutdown2.o(.ARM.Collect$$libshutdown$$0000000F)
    __rt_lib_shutdown_return                 0x08000207   Thumb Code     0  libshutdown2.o(.ARM.Collect$$libshutdown$$00000010)
    __rt_lib_shutdown_signal_1               0x08000207   Thumb Code     0  libshutdown2.o(.ARM.Collect$$libshutdown$$0000000A)
    __rt_lib_shutdown_stdio_1                0x08000207   Thumb Code     0  libshutdown2.o(.ARM.Collect$$libshutdown$$00000004)
    __rt_lib_shutdown_user_alloc_1           0x08000207   Thumb Code     0  libshutdown2.o(.ARM.Collect$$libshutdown$$0000000C)
    __rt_entry                               0x08000209   Thumb Code     0  __rtentry.o(.ARM.Collect$$rtentry$$00000000)
    __rt_entry_presh_1                       0x08000209   Thumb Code     0  __rtentry2.o(.ARM.Collect$$rtentry$$00000002)
    __rt_entry_sh                            0x08000209   Thumb Code     0  __rtentry4.o(.ARM.Collect$$rtentry$$00000004)
    __rt_entry_li                            0x0800020f   Thumb Code     0  __rtentry2.o(.ARM.Collect$$rtentry$$0000000A)
    __rt_entry_postsh_1                      0x0800020f   Thumb Code     0  __rtentry2.o(.ARM.Collect$$rtentry$$00000009)
    __rt_entry_main                          0x08000213   Thumb Code     0  __rtentry2.o(.ARM.Collect$$rtentry$$0000000D)
    __rt_entry_postli_1                      0x08000213   Thumb Code     0  __rtentry2.o(.ARM.Collect$$rtentry$$0000000C)
    __rt_exit                                0x0800021b   Thumb Code     0  rtexit.o(.ARM.Collect$$rtexit$$00000000)
    __rt_exit_ls                             0x0800021d   Thumb Code     0  rtexit2.o(.ARM.Collect$$rtexit$$00000003)
    __rt_exit_prels_1                        0x0800021d   Thumb Code     0  rtexit2.o(.ARM.Collect$$rtexit$$00000002)
    __rt_exit_exit                           0x08000221   Thumb Code     0  rtexit2.o(.ARM.Collect$$rtexit$$00000004)
    Reset_Handler                            0x08000229   Thumb Code     8  startup_stm32f407xx.o(.text)
    SVC_Handler                              0x0800023b   Thumb Code     2  startup_stm32f407xx.o(.text)
    ADC_IRQHandler                           0x08000243   Thumb Code     0  startup_stm32f407xx.o(.text)
    CAN1_RX0_IRQHandler                      0x08000243   Thumb Code     0  startup_stm32f407xx.o(.text)
    CAN1_RX1_IRQHandler                      0x08000243   Thumb Code     0  startup_stm32f407xx.o(.text)
    CAN1_SCE_IRQHandler                      0x08000243   Thumb Code     0  startup_stm32f407xx.o(.text)
    CAN1_TX_IRQHandler                       0x08000243   Thumb Code     0  startup_stm32f407xx.o(.text)
    CAN2_RX0_IRQHandler                      0x08000243   Thumb Code     0  startup_stm32f407xx.o(.text)
    CAN2_RX1_IRQHandler                      0x08000243   Thumb Code     0  startup_stm32f407xx.o(.text)
    CAN2_SCE_IRQHandler                      0x08000243   Thumb Code     0  startup_stm32f407xx.o(.text)
    CAN2_TX_IRQHandler                       0x08000243   Thumb Code     0  startup_stm32f407xx.o(.text)
    DCMI_IRQHandler                          0x08000243   Thumb Code     0  startup_stm32f407xx.o(.text)
    DMA1_Stream0_IRQHandler                  0x08000243   Thumb Code     0  startup_stm32f407xx.o(.text)
    DMA1_Stream1_IRQHandler                  0x08000243   Thumb Code     0  startup_stm32f407xx.o(.text)
    DMA1_Stream2_IRQHandler                  0x08000243   Thumb Code     0  startup_stm32f407xx.o(.text)
    DMA1_Stream3_IRQHandler                  0x08000243   Thumb Code     0  startup_stm32f407xx.o(.text)
    DMA1_Stream4_IRQHandler                  0x08000243   Thumb Code     0  startup_stm32f407xx.o(.text)
    DMA1_Stream5_IRQHandler                  0x08000243   Thumb Code     0  startup_stm32f407xx.o(.text)
    DMA1_Stream6_IRQHandler                  0x08000243   Thumb Code     0  startup_stm32f407xx.o(.text)
    DMA1_Stream7_IRQHandler                  0x08000243   Thumb Code     0  startup_stm32f407xx.o(.text)
    DMA2_Stream0_IRQHandler                  0x08000243   Thumb Code     0  startup_stm32f407xx.o(.text)
    DMA2_Stream1_IRQHandler                  0x08000243   Thumb Code     0  startup_stm32f407xx.o(.text)
    DMA2_Stream2_IRQHandler                  0x08000243   Thumb Code     0  startup_stm32f407xx.o(.text)
    DMA2_Stream3_IRQHandler                  0x08000243   Thumb Code     0  startup_stm32f407xx.o(.text)
    DMA2_Stream4_IRQHandler                  0x08000243   Thumb Code     0  startup_stm32f407xx.o(.text)
    DMA2_Stream5_IRQHandler                  0x08000243   Thumb Code     0  startup_stm32f407xx.o(.text)
    DMA2_Stream6_IRQHandler                  0x08000243   Thumb Code     0  startup_stm32f407xx.o(.text)
    DMA2_Stream7_IRQHandler                  0x08000243   Thumb Code     0  startup_stm32f407xx.o(.text)
    ETH_IRQHandler                           0x08000243   Thumb Code     0  startup_stm32f407xx.o(.text)
    ETH_WKUP_IRQHandler                      0x08000243   Thumb Code     0  startup_stm32f407xx.o(.text)
    EXTI0_IRQHandler                         0x08000243   Thumb Code     0  startup_stm32f407xx.o(.text)
    EXTI15_10_IRQHandler                     0x08000243   Thumb Code     0  startup_stm32f407xx.o(.text)
    EXTI1_IRQHandler                         0x08000243   Thumb Code     0  startup_stm32f407xx.o(.text)
    EXTI2_IRQHandler                         0x08000243   Thumb Code     0  startup_stm32f407xx.o(.text)
    EXTI3_IRQHandler                         0x08000243   Thumb Code     0  startup_stm32f407xx.o(.text)
    EXTI4_IRQHandler                         0x08000243   Thumb Code     0  startup_stm32f407xx.o(.text)
    EXTI9_5_IRQHandler                       0x08000243   Thumb Code     0  startup_stm32f407xx.o(.text)
    FLASH_IRQHandler                         0x08000243   Thumb Code     0  startup_stm32f407xx.o(.text)
    FMC_IRQHandler                           0x08000243   Thumb Code     0  startup_stm32f407xx.o(.text)
    FPU_IRQHandler                           0x08000243   Thumb Code     0  startup_stm32f407xx.o(.text)
    HASH_RNG_IRQHandler                      0x08000243   Thumb Code     0  startup_stm32f407xx.o(.text)
    I2C1_ER_IRQHandler                       0x08000243   Thumb Code     0  startup_stm32f407xx.o(.text)
    I2C1_EV_IRQHandler                       0x08000243   Thumb Code     0  startup_stm32f407xx.o(.text)
    I2C2_ER_IRQHandler                       0x08000243   Thumb Code     0  startup_stm32f407xx.o(.text)
    I2C2_EV_IRQHandler                       0x08000243   Thumb Code     0  startup_stm32f407xx.o(.text)
    I2C3_ER_IRQHandler                       0x08000243   Thumb Code     0  startup_stm32f407xx.o(.text)
    I2C3_EV_IRQHandler                       0x08000243   Thumb Code     0  startup_stm32f407xx.o(.text)
    OTG_FS_IRQHandler                        0x08000243   Thumb Code     0  startup_stm32f407xx.o(.text)
    OTG_FS_WKUP_IRQHandler                   0x08000243   Thumb Code     0  startup_stm32f407xx.o(.text)
    OTG_HS_EP1_IN_IRQHandler                 0x08000243   Thumb Code     0  startup_stm32f407xx.o(.text)
    OTG_HS_EP1_OUT_IRQHandler                0x08000243   Thumb Code     0  startup_stm32f407xx.o(.text)
    OTG_HS_IRQHandler                        0x08000243   Thumb Code     0  startup_stm32f407xx.o(.text)
    OTG_HS_WKUP_IRQHandler                   0x08000243   Thumb Code     0  startup_stm32f407xx.o(.text)
    PVD_IRQHandler                           0x08000243   Thumb Code     0  startup_stm32f407xx.o(.text)
    RCC_IRQHandler                           0x08000243   Thumb Code     0  startup_stm32f407xx.o(.text)
    RTC_Alarm_IRQHandler                     0x08000243   Thumb Code     0  startup_stm32f407xx.o(.text)
    RTC_WKUP_IRQHandler                      0x08000243   Thumb Code     0  startup_stm32f407xx.o(.text)
    SDIO_IRQHandler                          0x08000243   Thumb Code     0  startup_stm32f407xx.o(.text)
    SPI1_IRQHandler                          0x08000243   Thumb Code     0  startup_stm32f407xx.o(.text)
    SPI2_IRQHandler                          0x08000243   Thumb Code     0  startup_stm32f407xx.o(.text)
    SPI3_IRQHandler                          0x08000243   Thumb Code     0  startup_stm32f407xx.o(.text)
    TAMP_STAMP_IRQHandler                    0x08000243   Thumb Code     0  startup_stm32f407xx.o(.text)
    TIM1_BRK_TIM9_IRQHandler                 0x08000243   Thumb Code     0  startup_stm32f407xx.o(.text)
    TIM1_CC_IRQHandler                       0x08000243   Thumb Code     0  startup_stm32f407xx.o(.text)
    TIM1_TRG_COM_TIM11_IRQHandler            0x08000243   Thumb Code     0  startup_stm32f407xx.o(.text)
    TIM2_IRQHandler                          0x08000243   Thumb Code     0  startup_stm32f407xx.o(.text)
    TIM3_IRQHandler                          0x08000243   Thumb Code     0  startup_stm32f407xx.o(.text)
    TIM4_IRQHandler                          0x08000243   Thumb Code     0  startup_stm32f407xx.o(.text)
    TIM5_IRQHandler                          0x08000243   Thumb Code     0  startup_stm32f407xx.o(.text)
    TIM6_DAC_IRQHandler                      0x08000243   Thumb Code     0  startup_stm32f407xx.o(.text)
    TIM7_IRQHandler                          0x08000243   Thumb Code     0  startup_stm32f407xx.o(.text)
    TIM8_BRK_TIM12_IRQHandler                0x08000243   Thumb Code     0  startup_stm32f407xx.o(.text)
    TIM8_CC_IRQHandler                       0x08000243   Thumb Code     0  startup_stm32f407xx.o(.text)
    TIM8_TRG_COM_TIM14_IRQHandler            0x08000243   Thumb Code     0  startup_stm32f407xx.o(.text)
    TIM8_UP_TIM13_IRQHandler                 0x08000243   Thumb Code     0  startup_stm32f407xx.o(.text)
    UART4_IRQHandler                         0x08000243   Thumb Code     0  startup_stm32f407xx.o(.text)
    UART5_IRQHandler                         0x08000243   Thumb Code     0  startup_stm32f407xx.o(.text)
    USART1_IRQHandler                        0x08000243   Thumb Code     0  startup_stm32f407xx.o(.text)
    USART2_IRQHandler                        0x08000243   Thumb Code     0  startup_stm32f407xx.o(.text)
    USART3_IRQHandler                        0x08000243   Thumb Code     0  startup_stm32f407xx.o(.text)
    USART6_IRQHandler                        0x08000243   Thumb Code     0  startup_stm32f407xx.o(.text)
    WWDG_IRQHandler                          0x08000243   Thumb Code     0  startup_stm32f407xx.o(.text)
    __user_initial_stackheap                 0x08000245   Thumb Code     0  startup_stm32f407xx.o(.text)
    rt_hw_interrupt_disable                  0x08000269   Thumb Code     8  context_rvds.o(.text)
    rt_hw_interrupt_enable                   0x08000271   Thumb Code     6  context_rvds.o(.text)
    rt_hw_context_switch                     0x08000277   Thumb Code    32  context_rvds.o(.text)
    rt_hw_context_switch_interrupt           0x08000277   Thumb Code     0  context_rvds.o(.text)
    PendSV_Handler                           0x08000297   Thumb Code   108  context_rvds.o(.text)
    rt_hw_context_switch_to                  0x08000303   Thumb Code    68  context_rvds.o(.text)
    rt_hw_interrupt_thread_switch            0x08000347   Thumb Code     2  context_rvds.o(.text)
    HardFault_Handler                        0x08000349   Thumb Code    56  context_rvds.o(.text)
    __aeabi_uldivmod                         0x0800039d   Thumb Code     0  lludivv7m.o(.text)
    _ll_udiv                                 0x0800039d   Thumb Code   240  lludivv7m.o(.text)
    __aeabi_memset                           0x0800048d   Thumb Code    16  aeabi_memset.o(.text)
    __aeabi_memclr                           0x0800049d   Thumb Code     0  rt_memclr.o(.text)
    __rt_memclr                              0x0800049d   Thumb Code     0  rt_memclr.o(.text)
    _memset                                  0x080004a1   Thumb Code    64  rt_memclr.o(.text)
    __use_two_region_memory                  0x080004e1   Thumb Code     2  heapauxi.o(.text)
    __rt_heap_escrow$2region                 0x080004e3   Thumb Code     2  heapauxi.o(.text)
    __rt_heap_expand$2region                 0x080004e5   Thumb Code     2  heapauxi.o(.text)
    __aeabi_memclr4                          0x080004e7   Thumb Code     0  rt_memclr_w.o(.text)
    __aeabi_memclr8                          0x080004e7   Thumb Code     0  rt_memclr_w.o(.text)
    __rt_memclr_w                            0x080004e7   Thumb Code     0  rt_memclr_w.o(.text)
    _memset_w                                0x080004eb   Thumb Code    74  rt_memclr_w.o(.text)
    __user_setup_stackheap                   0x08000535   Thumb Code    74  sys_stackheap_outer.o(.text)
    exit                                     0x0800057f   Thumb Code    18  exit.o(.text)
    __user_libspace                          0x08000591   Thumb Code     8  libspace.o(.text)
    __user_perproc_libspace                  0x08000591   Thumb Code     0  libspace.o(.text)
    __user_perthread_libspace                0x08000591   Thumb Code     0  libspace.o(.text)
    _sys_exit                                0x08000599   Thumb Code     8  sys_exit.o(.text)
    __I$use$semihosting                      0x080005a5   Thumb Code     0  use_no_semi.o(.text)
    __use_no_semihosting_swi                 0x080005a5   Thumb Code     2  use_no_semi.o(.text)
    __semihosting_library_function           0x080005a7   Thumb Code     0  indicate_semi.o(.text)
    main                                     0x080005a9   Thumb Code    84  components.o(.text.$Sub$$main)
    BusFault_Handler                         0x080005fd   Thumb Code     2  stm32f4xx_it.o(.text.BusFault_Handler)
    DebugMon_Handler                         0x08000601   Thumb Code     2  stm32f4xx_it.o(.text.DebugMon_Handler)
    HAL_GPIO_Init                            0x08000605   Thumb Code   422  stm32f4xx_hal_gpio.o(.text.HAL_GPIO_Init)
    HAL_GPIO_TogglePin                       0x080007ad   Thumb Code    16  stm32f4xx_hal_gpio.o(.text.HAL_GPIO_TogglePin)
    HAL_GPIO_WritePin                        0x080007bd   Thumb Code    10  stm32f4xx_hal_gpio.o(.text.HAL_GPIO_WritePin)
    HAL_GetTick                              0x080007c9   Thumb Code    12  stm32f4xx_hal.o(.text.HAL_GetTick)
    HAL_IncTick                              0x080007d5   Thumb Code    26  stm32f4xx_hal.o(.text.HAL_IncTick)
    HAL_Init                                 0x080007f1   Thumb Code    54  stm32f4xx_hal.o(.text.HAL_Init)
    HAL_InitTick                             0x08000829   Thumb Code   176  stm32f4xx_hal_timebase_tim.o(.text.HAL_InitTick)
    HAL_MspInit                              0x080008d9   Thumb Code    56  stm32f4xx_hal_msp.o(.text.HAL_MspInit)
    HAL_NVIC_EnableIRQ                       0x08000911   Thumb Code    38  stm32f4xx_hal_cortex.o(.text.HAL_NVIC_EnableIRQ)
    HAL_NVIC_SetPriority                     0x08000939   Thumb Code    86  stm32f4xx_hal_cortex.o(.text.HAL_NVIC_SetPriority)
    HAL_NVIC_SetPriorityGrouping             0x08000991   Thumb Code    32  stm32f4xx_hal_cortex.o(.text.HAL_NVIC_SetPriorityGrouping)
    HAL_RCC_ClockConfig                      0x080009b1   Thumb Code   352  stm32f4xx_hal_rcc.o(.text.HAL_RCC_ClockConfig)
    HAL_RCC_GetClockConfig                   0x08000b11   Thumb Code    62  stm32f4xx_hal_rcc.o(.text.HAL_RCC_GetClockConfig)
    HAL_RCC_GetHCLKFreq                      0x08000b51   Thumb Code    12  stm32f4xx_hal_rcc.o(.text.HAL_RCC_GetHCLKFreq)
    HAL_RCC_GetPCLK1Freq                     0x08000b5d   Thumb Code    38  stm32f4xx_hal_rcc.o(.text.HAL_RCC_GetPCLK1Freq)
    HAL_RCC_GetPCLK2Freq                     0x08000b85   Thumb Code    38  stm32f4xx_hal_rcc.o(.text.HAL_RCC_GetPCLK2Freq)
    HAL_RCC_GetSysClockFreq                  0x08000bad   Thumb Code   106  stm32f4xx_hal_rcc.o(.text.HAL_RCC_GetSysClockFreq)
    HAL_RCC_OscConfig                        0x08000c19   Thumb Code   884  stm32f4xx_hal_rcc.o(.text.HAL_RCC_OscConfig)
    HAL_SYSTICK_Config                       0x08000f8d   Thumb Code    44  stm32f4xx_hal_cortex.o(.text.HAL_SYSTICK_Config)
    HAL_TIMEx_BreakCallback                  0x08000fb9   Thumb Code     2  stm32f4xx_hal_tim_ex.o(.text.HAL_TIMEx_BreakCallback)
    HAL_TIMEx_CommutCallback                 0x08000fbd   Thumb Code     2  stm32f4xx_hal_tim_ex.o(.text.HAL_TIMEx_CommutCallback)
    HAL_TIM_Base_Init                        0x08000fc1   Thumb Code    90  stm32f4xx_hal_tim.o(.text.HAL_TIM_Base_Init)
    HAL_TIM_Base_MspInit                     0x0800101d   Thumb Code     2  stm32f4xx_hal_tim.o(.text.HAL_TIM_Base_MspInit)
    HAL_TIM_Base_Start_IT                    0x08001021   Thumb Code   170  stm32f4xx_hal_tim.o(.text.HAL_TIM_Base_Start_IT)
    HAL_TIM_IC_CaptureCallback               0x080010cd   Thumb Code     2  stm32f4xx_hal_tim.o(.text.HAL_TIM_IC_CaptureCallback)
    HAL_TIM_IRQHandler                       0x080010d1   Thumb Code   368  stm32f4xx_hal_tim.o(.text.HAL_TIM_IRQHandler)
    HAL_TIM_OC_DelayElapsedCallback          0x08001241   Thumb Code     2  stm32f4xx_hal_tim.o(.text.HAL_TIM_OC_DelayElapsedCallback)
    HAL_TIM_PWM_PulseFinishedCallback        0x08001245   Thumb Code     2  stm32f4xx_hal_tim.o(.text.HAL_TIM_PWM_PulseFinishedCallback)
    HAL_TIM_PeriodElapsedCallback            0x08001249   Thumb Code    18  main.o(.text.HAL_TIM_PeriodElapsedCallback)
    HAL_TIM_TriggerCallback                  0x0800125d   Thumb Code     2  stm32f4xx_hal_tim.o(.text.HAL_TIM_TriggerCallback)
    HAL_UART_Init                            0x08001261   Thumb Code    94  stm32f4xx_hal_uart.o(.text.HAL_UART_Init)
    HAL_UART_MspInit                         0x080012c1   Thumb Code   106  stm32f4xx_hal_msp.o(.text.HAL_UART_MspInit)
    HAL_UART_Transmit                        0x0800132d   Thumb Code   646  stm32f4xx_hal_uart.o(.text.HAL_UART_Transmit)
    MemManage_Handler                        0x080015b5   Thumb Code     2  stm32f4xx_it.o(.text.MemManage_Handler)
    NMI_Handler                              0x080015b9   Thumb Code     2  stm32f4xx_it.o(.text.NMI_Handler)
    SysTick_Handler                          0x080015bd   Thumb Code    18  board.o(.text.SysTick_Handler)
    SystemClock_Config                       0x080015d1   Thumb Code   172  main.o(.text.SystemClock_Config)
    SystemCoreClockUpdate                    0x0800167d   Thumb Code   134  system_stm32f4xx.o(.text.SystemCoreClockUpdate)
    SystemInit                               0x08001705   Thumb Code    18  system_stm32f4xx.o(.text.SystemInit)
    TIM1_UP_TIM10_IRQHandler                 0x08001719   Thumb Code    12  stm32f4xx_it.o(.text.TIM1_UP_TIM10_IRQHandler)
    TIM_Base_SetConfig                       0x08001725   Thumb Code   316  stm32f4xx_hal_tim.o(.text.TIM_Base_SetConfig)
    UsageFault_Handler                       0x08001951   Thumb Code     2  stm32f4xx_it.o(.text.UsageFault_Handler)
    __rt_ffs                                 0x08001955   Thumb Code    56  kservice.o(.text.__rt_ffs)
    $Super$$main                             0x0800198d   Thumb Code   176  main.o(.text.main)
    main_thread_entry                        0x08001a45   Thumb Code    50  components.o(.text.main_thread_entry)
    rt_components_board_init                 0x08001f81   Thumb Code    44  components.o(.text.rt_components_board_init)
    rt_enter_critical                        0x08001fad   Thumb Code    28  scheduler.o(.text.rt_enter_critical)
    rt_exit_critical                         0x08001fc9   Thumb Code   150  scheduler.o(.text.rt_exit_critical)
    rt_free                                  0x08002061   Thumb Code   216  mem.o(.text.rt_free)
    rt_heap_begin_get                        0x08002185   Thumb Code    10  board.o(.text.rt_heap_begin_get)
    rt_heap_end_get                          0x08002191   Thumb Code    14  board.o(.text.rt_heap_end_get)
    rt_hw_board_init                         0x080021a1   Thumb Code    62  board.o(.text.rt_hw_board_init)
    rt_hw_console_output                     0x080021e1   Thumb Code    96  board.o(.text.rt_hw_console_output)
    rt_hw_hard_fault_exception               0x08002241   Thumb Code   260  cpuport.o(.text.rt_hw_hard_fault_exception)
    rt_hw_stack_init                         0x080023e5   Thumb Code    66  cpuport.o(.text.rt_hw_stack_init)
    rt_interrupt_enter                       0x08002429   Thumb Code    28  irq.o(.text.rt_interrupt_enter)
    rt_interrupt_leave                       0x08002445   Thumb Code    28  irq.o(.text.rt_interrupt_leave)
    rt_kprintf                               0x08002461   Thumb Code    50  kservice.o(.text.rt_kprintf)
    rt_malloc                                0x08002495   Thumb Code   394  mem.o(.text.rt_malloc)
    rt_memset                                0x08002621   Thumb Code   246  kservice.o(.text.rt_memset)
    rt_object_allocate                       0x08002719   Thumb Code   112  object.o(.text.rt_object_allocate)
    rt_object_delete                         0x08002789   Thumb Code    44  object.o(.text.rt_object_delete)
    rt_object_detach                         0x080027b5   Thumb Code    36  object.o(.text.rt_object_detach)
    rt_object_init                           0x080027d9   Thumb Code   126  object.o(.text.rt_object_init)
    rt_object_is_systemobject                0x08002859   Thumb Code     6  object.o(.text.rt_object_is_systemobject)
    rt_schedule                              0x08002861   Thumb Code   114  scheduler.o(.text.rt_schedule)
    rt_schedule_insert_thread                0x080028d5   Thumb Code    82  scheduler.o(.text.rt_schedule_insert_thread)
    rt_schedule_remove_thread                0x08002929   Thumb Code    86  scheduler.o(.text.rt_schedule_remove_thread)
    rt_sem_init                              0x08002981   Thumb Code    32  ipc.o(.text.rt_sem_init)
    rt_sem_release                           0x080029a1   Thumb Code    82  ipc.o(.text.rt_sem_release)
    rt_sem_take                              0x080029f5   Thumb Code   240  ipc.o(.text.rt_sem_take)
    rt_show_version                          0x08002ae5   Thumb Code    48  kservice.o(.text.rt_show_version)
    rt_strlen                                0x08002b9d   Thumb Code    46  kservice.o(.text.rt_strlen)
    rt_strncpy                               0x08002bcd   Thumb Code   134  kservice.o(.text.rt_strncpy)
    rt_system_heap_init                      0x08002c55   Thumb Code   120  mem.o(.text.rt_system_heap_init)
    rt_system_scheduler_init                 0x08002d11   Thumb Code   298  scheduler.o(.text.rt_system_scheduler_init)
    rt_system_scheduler_start                0x08002e3d   Thumb Code    48  scheduler.o(.text.rt_system_scheduler_start)
    rt_system_timer_init                     0x08002e6d   Thumb Code    16  timer.o(.text.rt_system_timer_init)
    rt_system_timer_thread_init              0x08002e7d   Thumb Code     2  timer.o(.text.rt_system_timer_thread_init)
    rt_thread_create                         0x08002e81   Thumb Code   176  thread.o(.text.rt_thread_create)
    rt_thread_exit                           0x08002f31   Thumb Code   122  thread.o(.text.rt_thread_exit)
    rt_thread_idle_init                      0x08002fed   Thumb Code    72  idle.o(.text.rt_thread_idle_init)
    rt_thread_init                           0x0800303d   Thumb Code   142  thread.o(.text.rt_thread_init)
    rt_thread_mdelay                         0x080030cd   Thumb Code    14  thread.o(.text.rt_thread_mdelay)
    rt_thread_resume                         0x080030dd   Thumb Code    70  thread.o(.text.rt_thread_resume)
    rt_thread_self                           0x08003125   Thumb Code    12  thread.o(.text.rt_thread_self)
    rt_thread_sleep                          0x08003131   Thumb Code   120  thread.o(.text.rt_thread_sleep)
    rt_thread_startup                        0x080031a9   Thumb Code    92  thread.o(.text.rt_thread_startup)
    rt_thread_suspend                        0x08003205   Thumb Code    66  thread.o(.text.rt_thread_suspend)
    rt_thread_timeout                        0x08003249   Thumb Code    40  thread.o(.text.rt_thread_timeout)
    rt_thread_yield                          0x08003271   Thumb Code   100  thread.o(.text.rt_thread_yield)
    rt_tick_from_millisecond                 0x080032d5   Thumb Code    52  clock.o(.text.rt_tick_from_millisecond)
    rt_tick_get                              0x08003309   Thumb Code    12  clock.o(.text.rt_tick_get)
    rt_tick_increase                         0x08003315   Thumb Code    52  clock.o(.text.rt_tick_increase)
    rt_timer_check                           0x08003349   Thumb Code   392  timer.o(.text.rt_timer_check)
    rt_timer_control                         0x080034d1   Thumb Code   104  timer.o(.text.rt_timer_control)
    rt_timer_detach                          0x08003539   Thumb Code    48  timer.o(.text.rt_timer_detach)
    rt_timer_init                            0x08003569   Thumb Code    50  timer.o(.text.rt_timer_init)
    rt_timer_start                           0x0800359d   Thumb Code   210  timer.o(.text.rt_timer_start)
    rt_timer_stop                            0x08003671   Thumb Code    56  timer.o(.text.rt_timer_stop)
    rt_vsnprintf                             0x080036a9   Thumb Code  2028  kservice.o(.text.rt_vsnprintf)
    _fp_init                                 0x08003ee5   Thumb Code    26  fpinit.o(x$fpl$fpinit)
    __fplib_config_fpu_vfp                   0x08003efd   Thumb Code     0  fpinit.o(x$fpl$fpinit)
    __fplib_config_pureend_doubles           0x08003efd   Thumb Code     0  fpinit.o(x$fpl$fpinit)
    AHBPrescTable                            0x08003efe   Data          16  system_stm32f4xx.o(.rodata.AHBPrescTable)
    APBPrescTable                            0x08003f0e   Data           8  system_stm32f4xx.o(.rodata.APBPrescTable)
    __lowest_bit_bitmap                      0x08003f16   Data         256  kservice.o(.rodata.__lowest_bit_bitmap)
    __rt_init_rti_start                      0x080040b0   Data           4  components.o(.rti_fn.0)
    __rt_init_rti_board_start                0x080040b4   Data           4  components.o(.rti_fn.0.end)
    __rt_init_uart_init                      0x080040b8   Data           4  board.o(.rti_fn.1)
    __rt_init_rti_board_end                  0x080040bc   Data           4  components.o(.rti_fn.1.end)
    __rt_init_rti_end                        0x080040c0   Data           4  components.o(.rti_fn.6.end)
    Region$$Table$$Base                      0x080040c4   Number         0  anon$$obj.o(Region$$Table)
    Region$$Table$$Limit                     0x080040e4   Number         0  anon$$obj.o(Region$$Table)
    uwTickFreq                               0x20000000   Data           1  stm32f4xx_hal.o(.data..L_MergedGlobals)
    uwTickPrio                               0x20000004   Data           4  stm32f4xx_hal.o(.data..L_MergedGlobals)
    SystemCoreClock                          0x20000008   Data           4  system_stm32f4xx.o(.data.SystemCoreClock)
    __libspace_start                         0x20000040   Data          96  libspace.o(.bss)
    __temporary_stack_top$libspace           0x200000a0   Data           0  libspace.o(.bss)
    rt_current_priority                      0x200000d8   Data           1  scheduler.o(.bss..L_MergedGlobals)
    rt_current_thread                        0x200000dc   Data           4  scheduler.o(.bss..L_MergedGlobals)
    rt_thread_ready_priority_group           0x200000e0   Data           4  scheduler.o(.bss..L_MergedGlobals)
    rt_thread_defunct                        0x200000e4   Data           8  scheduler.o(.bss..L_MergedGlobals)
    htim1                                    0x2000013c   Data          72  stm32f4xx_hal_timebase_tim.o(.bss.htim1)
    huart2                                   0x20000184   Data          68  main.o(.bss.huart2)
    rt_interrupt_from_thread                 0x20003e44   Data           4  cpuport.o(.bss.rt_interrupt_from_thread)
    rt_interrupt_nest                        0x20003e48   Data           1  irq.o(.bss.rt_interrupt_nest)
    rt_interrupt_to_thread                   0x20003e4c   Data           4  cpuport.o(.bss.rt_interrupt_to_thread)
    rt_thread_priority_table                 0x20003ed0   Data         256  scheduler.o(.bss.rt_thread_priority_table)
    rt_thread_switch_interrupt_flag          0x200040d0   Data           4  cpuport.o(.bss.rt_thread_switch_interrupt_flag)
    uwTick                                   0x200040d8   Data           4  stm32f4xx_hal.o(.bss.uwTick)



==============================================================================

Memory Map of the image

  Image Entry point : 0x08000189

  Load Region LR_IROM1 (Base: 0x08000000, Size: 0x00004128, Max: 0x00100000, ABSOLUTE)

    Execution Region ER_IROM1 (Exec base: 0x08000000, Load base: 0x08000000, Size: 0x000040e4, Max: 0x00100000, ABSOLUTE)

    Exec Addr    Load Addr    Size         Type   Attr      Idx    E Section Name        Object

    0x08000000   0x08000000   0x00000188   Data   RO            3    RESET               startup_stm32f407xx.o
    0x08000188   0x08000188   0x00000008   Code   RO         1302  * !!!main             c_w.l(__main.o)
    0x08000190   0x08000190   0x00000034   Code   RO         1479    !!!scatter          c_w.l(__scatter.o)
    0x080001c4   0x080001c4   0x0000001a   Code   RO         1481    !!handler_copy      c_w.l(__scatter_copy.o)
    0x080001de   0x080001de   0x00000002   PAD
    0x080001e0   0x080001e0   0x0000001c   Code   RO         1483    !!handler_zi        c_w.l(__scatter_zi.o)
    0x080001fc   0x080001fc   0x00000002   Code   RO         1341    .ARM.Collect$$libinit$$00000000  c_w.l(libinit.o)
    0x080001fe   0x080001fe   0x00000004   Code   RO         1353    .ARM.Collect$$libinit$$00000001  c_w.l(libinit2.o)
    0x08000202   0x08000202   0x00000000   Code   RO         1356    .ARM.Collect$$libinit$$00000004  c_w.l(libinit2.o)
    0x08000202   0x08000202   0x00000000   Code   RO         1358    .ARM.Collect$$libinit$$00000006  c_w.l(libinit2.o)
    0x08000202   0x08000202   0x00000000   Code   RO         1361    .ARM.Collect$$libinit$$0000000C  c_w.l(libinit2.o)
    0x08000202   0x08000202   0x00000000   Code   RO         1363    .ARM.Collect$$libinit$$0000000E  c_w.l(libinit2.o)
    0x08000202   0x08000202   0x00000000   Code   RO         1365    .ARM.Collect$$libinit$$00000010  c_w.l(libinit2.o)
    0x08000202   0x08000202   0x00000000   Code   RO         1368    .ARM.Collect$$libinit$$00000013  c_w.l(libinit2.o)
    0x08000202   0x08000202   0x00000000   Code   RO         1370    .ARM.Collect$$libinit$$00000015  c_w.l(libinit2.o)
    0x08000202   0x08000202   0x00000000   Code   RO         1372    .ARM.Collect$$libinit$$00000017  c_w.l(libinit2.o)
    0x08000202   0x08000202   0x00000000   Code   RO         1374    .ARM.Collect$$libinit$$00000019  c_w.l(libinit2.o)
    0x08000202   0x08000202   0x00000000   Code   RO         1376    .ARM.Collect$$libinit$$0000001B  c_w.l(libinit2.o)
    0x08000202   0x08000202   0x00000000   Code   RO         1378    .ARM.Collect$$libinit$$0000001D  c_w.l(libinit2.o)
    0x08000202   0x08000202   0x00000000   Code   RO         1380    .ARM.Collect$$libinit$$0000001F  c_w.l(libinit2.o)
    0x08000202   0x08000202   0x00000000   Code   RO         1382    .ARM.Collect$$libinit$$00000021  c_w.l(libinit2.o)
    0x08000202   0x08000202   0x00000000   Code   RO         1384    .ARM.Collect$$libinit$$00000023  c_w.l(libinit2.o)
    0x08000202   0x08000202   0x00000000   Code   RO         1386    .ARM.Collect$$libinit$$00000025  c_w.l(libinit2.o)
    0x08000202   0x08000202   0x00000000   Code   RO         1388    .ARM.Collect$$libinit$$00000027  c_w.l(libinit2.o)
    0x08000202   0x08000202   0x00000000   Code   RO         1392    .ARM.Collect$$libinit$$0000002E  c_w.l(libinit2.o)
    0x08000202   0x08000202   0x00000000   Code   RO         1394    .ARM.Collect$$libinit$$00000030  c_w.l(libinit2.o)
    0x08000202   0x08000202   0x00000000   Code   RO         1396    .ARM.Collect$$libinit$$00000032  c_w.l(libinit2.o)
    0x08000202   0x08000202   0x00000000   Code   RO         1398    .ARM.Collect$$libinit$$00000034  c_w.l(libinit2.o)
    0x08000202   0x08000202   0x00000002   Code   RO         1399    .ARM.Collect$$libinit$$00000035  c_w.l(libinit2.o)
    0x08000204   0x08000204   0x00000002   Code   RO         1434    .ARM.Collect$$libshutdown$$00000000  c_w.l(libshutdown.o)
    0x08000206   0x08000206   0x00000000   Code   RO         1462    .ARM.Collect$$libshutdown$$00000002  c_w.l(libshutdown2.o)
    0x08000206   0x08000206   0x00000000   Code   RO         1464    .ARM.Collect$$libshutdown$$00000004  c_w.l(libshutdown2.o)
    0x08000206   0x08000206   0x00000000   Code   RO         1467    .ARM.Collect$$libshutdown$$00000007  c_w.l(libshutdown2.o)
    0x08000206   0x08000206   0x00000000   Code   RO         1470    .ARM.Collect$$libshutdown$$0000000A  c_w.l(libshutdown2.o)
    0x08000206   0x08000206   0x00000000   Code   RO         1472    .ARM.Collect$$libshutdown$$0000000C  c_w.l(libshutdown2.o)
    0x08000206   0x08000206   0x00000000   Code   RO         1475    .ARM.Collect$$libshutdown$$0000000F  c_w.l(libshutdown2.o)
    0x08000206   0x08000206   0x00000002   Code   RO         1476    .ARM.Collect$$libshutdown$$00000010  c_w.l(libshutdown2.o)
    0x08000208   0x08000208   0x00000000   Code   RO         1304    .ARM.Collect$$rtentry$$00000000  c_w.l(__rtentry.o)
    0x08000208   0x08000208   0x00000000   Code   RO         1312    .ARM.Collect$$rtentry$$00000002  c_w.l(__rtentry2.o)
    0x08000208   0x08000208   0x00000006   Code   RO         1324    .ARM.Collect$$rtentry$$00000004  c_w.l(__rtentry4.o)
    0x0800020e   0x0800020e   0x00000000   Code   RO         1314    .ARM.Collect$$rtentry$$00000009  c_w.l(__rtentry2.o)
    0x0800020e   0x0800020e   0x00000004   Code   RO         1315    .ARM.Collect$$rtentry$$0000000A  c_w.l(__rtentry2.o)
    0x08000212   0x08000212   0x00000000   Code   RO         1317    .ARM.Collect$$rtentry$$0000000C  c_w.l(__rtentry2.o)
    0x08000212   0x08000212   0x00000008   Code   RO         1318    .ARM.Collect$$rtentry$$0000000D  c_w.l(__rtentry2.o)
    0x0800021a   0x0800021a   0x00000002   Code   RO         1345    .ARM.Collect$$rtexit$$00000000  c_w.l(rtexit.o)
    0x0800021c   0x0800021c   0x00000000   Code   RO         1405    .ARM.Collect$$rtexit$$00000002  c_w.l(rtexit2.o)
    0x0800021c   0x0800021c   0x00000004   Code   RO         1406    .ARM.Collect$$rtexit$$00000003  c_w.l(rtexit2.o)
    0x08000220   0x08000220   0x00000006   Code   RO         1407    .ARM.Collect$$rtexit$$00000004  c_w.l(rtexit2.o)
    0x08000226   0x08000226   0x00000002   PAD
    0x08000228   0x08000228   0x00000040   Code   RO            4    .text               startup_stm32f407xx.o
    0x08000268   0x08000268   0x00000134   Code   RO          913    .text               context_rvds.o
    0x0800039c   0x0800039c   0x000000f0   Code   RO         1294    .text               c_w.l(lludivv7m.o)
    0x0800048c   0x0800048c   0x00000010   Code   RO         1296    .text               c_w.l(aeabi_memset.o)
    0x0800049c   0x0800049c   0x00000044   Code   RO         1298    .text               c_w.l(rt_memclr.o)
    0x080004e0   0x080004e0   0x00000006   Code   RO         1300    .text               c_w.l(heapauxi.o)
    0x080004e6   0x080004e6   0x0000004e   Code   RO         1309    .text               c_w.l(rt_memclr_w.o)
    0x08000534   0x08000534   0x0000004a   Code   RO         1328    .text               c_w.l(sys_stackheap_outer.o)
    0x0800057e   0x0800057e   0x00000012   Code   RO         1330    .text               c_w.l(exit.o)
    0x08000590   0x08000590   0x00000008   Code   RO         1342    .text               c_w.l(libspace.o)
    0x08000598   0x08000598   0x0000000c   Code   RO         1400    .text               c_w.l(sys_exit.o)
    0x080005a4   0x080005a4   0x00000002   Code   RO         1423    .text               c_w.l(use_no_semi.o)
    0x080005a6   0x080005a6   0x00000000   Code   RO         1425    .text               c_w.l(indicate_semi.o)
    0x080005a6   0x080005a6   0x00000002   PAD
    0x080005a8   0x080005a8   0x00000054   Code   RO          949    .text.$Sub$$main    components.o
    0x080005fc   0x080005fc   0x00000002   Code   RO           37    .text.BusFault_Handler  stm32f4xx_it.o
    0x080005fe   0x080005fe   0x00000002   PAD
    0x08000600   0x08000600   0x00000002   Code   RO           41    .text.DebugMon_Handler  stm32f4xx_it.o
    0x08000602   0x08000602   0x00000002   PAD
    0x08000604   0x08000604   0x000001a6   Code   RO          191    .text.HAL_GPIO_Init  stm32f4xx_hal_gpio.o
    0x080007aa   0x080007aa   0x00000002   PAD
    0x080007ac   0x080007ac   0x00000010   Code   RO          199    .text.HAL_GPIO_TogglePin  stm32f4xx_hal_gpio.o
    0x080007bc   0x080007bc   0x0000000a   Code   RO          197    .text.HAL_GPIO_WritePin  stm32f4xx_hal_gpio.o
    0x080007c6   0x080007c6   0x00000002   PAD
    0x080007c8   0x080007c8   0x0000000c   Code   RO          382    .text.HAL_GetTick   stm32f4xx_hal.o
    0x080007d4   0x080007d4   0x0000001a   Code   RO          380    .text.HAL_IncTick   stm32f4xx_hal.o
    0x080007ee   0x080007ee   0x00000002   PAD
    0x080007f0   0x080007f0   0x00000036   Code   RO          370    .text.HAL_Init      stm32f4xx_hal.o
    0x08000826   0x08000826   0x00000002   PAD
    0x08000828   0x08000828   0x000000b0   Code   RO           66    .text.HAL_InitTick  stm32f4xx_hal_timebase_tim.o
    0x080008d8   0x080008d8   0x00000038   Code   RO           52    .text.HAL_MspInit   stm32f4xx_hal_msp.o
    0x08000910   0x08000910   0x00000026   Code   RO          328    .text.HAL_NVIC_EnableIRQ  stm32f4xx_hal_cortex.o
    0x08000936   0x08000936   0x00000002   PAD
    0x08000938   0x08000938   0x00000056   Code   RO          326    .text.HAL_NVIC_SetPriority  stm32f4xx_hal_cortex.o
    0x0800098e   0x0800098e   0x00000002   PAD
    0x08000990   0x08000990   0x00000020   Code   RO          324    .text.HAL_NVIC_SetPriorityGrouping  stm32f4xx_hal_cortex.o
    0x080009b0   0x080009b0   0x00000160   Code   RO           85    .text.HAL_RCC_ClockConfig  stm32f4xx_hal_rcc.o
    0x08000b10   0x08000b10   0x0000003e   Code   RO          103    .text.HAL_RCC_GetClockConfig  stm32f4xx_hal_rcc.o
    0x08000b4e   0x08000b4e   0x00000002   PAD
    0x08000b50   0x08000b50   0x0000000c   Code   RO           95    .text.HAL_RCC_GetHCLKFreq  stm32f4xx_hal_rcc.o
    0x08000b5c   0x08000b5c   0x00000026   Code   RO           97    .text.HAL_RCC_GetPCLK1Freq  stm32f4xx_hal_rcc.o
    0x08000b82   0x08000b82   0x00000002   PAD
    0x08000b84   0x08000b84   0x00000026   Code   RO           99    .text.HAL_RCC_GetPCLK2Freq  stm32f4xx_hal_rcc.o
    0x08000baa   0x08000baa   0x00000002   PAD
    0x08000bac   0x08000bac   0x0000006a   Code   RO           87    .text.HAL_RCC_GetSysClockFreq  stm32f4xx_hal_rcc.o
    0x08000c16   0x08000c16   0x00000002   PAD
    0x08000c18   0x08000c18   0x00000374   Code   RO           83    .text.HAL_RCC_OscConfig  stm32f4xx_hal_rcc.o
    0x08000f8c   0x08000f8c   0x0000002c   Code   RO          336    .text.HAL_SYSTICK_Config  stm32f4xx_hal_cortex.o
    0x08000fb8   0x08000fb8   0x00000002   Code   RO          765    .text.HAL_TIMEx_BreakCallback  stm32f4xx_hal_tim_ex.o
    0x08000fba   0x08000fba   0x00000002   PAD
    0x08000fbc   0x08000fbc   0x00000002   Code   RO          761    .text.HAL_TIMEx_CommutCallback  stm32f4xx_hal_tim_ex.o
    0x08000fbe   0x08000fbe   0x00000002   PAD
    0x08000fc0   0x08000fc0   0x0000005a   Code   RO          460    .text.HAL_TIM_Base_Init  stm32f4xx_hal_tim.o
    0x0800101a   0x0800101a   0x00000002   PAD
    0x0800101c   0x0800101c   0x00000002   Code   RO          462    .text.HAL_TIM_Base_MspInit  stm32f4xx_hal_tim.o
    0x0800101e   0x0800101e   0x00000002   PAD
    0x08001020   0x08001020   0x000000aa   Code   RO          474    .text.HAL_TIM_Base_Start_IT  stm32f4xx_hal_tim.o
    0x080010ca   0x080010ca   0x00000002   PAD
    0x080010cc   0x080010cc   0x00000002   Code   RO          596    .text.HAL_TIM_IC_CaptureCallback  stm32f4xx_hal_tim.o
    0x080010ce   0x080010ce   0x00000002   PAD
    0x080010d0   0x080010d0   0x00000170   Code   RO          594    .text.HAL_TIM_IRQHandler  stm32f4xx_hal_tim.o
    0x08001240   0x08001240   0x00000002   Code   RO          598    .text.HAL_TIM_OC_DelayElapsedCallback  stm32f4xx_hal_tim.o
    0x08001242   0x08001242   0x00000002   PAD
    0x08001244   0x08001244   0x00000002   Code   RO          600    .text.HAL_TIM_PWM_PulseFinishedCallback  stm32f4xx_hal_tim.o
    0x08001246   0x08001246   0x00000002   PAD
    0x08001248   0x08001248   0x00000012   Code   RO           21    .text.HAL_TIM_PeriodElapsedCallback  main.o
    0x0800125a   0x0800125a   0x00000002   PAD
    0x0800125c   0x0800125c   0x00000002   Code   RO          604    .text.HAL_TIM_TriggerCallback  stm32f4xx_hal_tim.o
    0x0800125e   0x0800125e   0x00000002   PAD
    0x08001260   0x08001260   0x0000005e   Code   RO          779    .text.HAL_UART_Init  stm32f4xx_hal_uart.o
    0x080012be   0x080012be   0x00000002   PAD
    0x080012c0   0x080012c0   0x0000006a   Code   RO           54    .text.HAL_UART_MspInit  stm32f4xx_hal_msp.o
    0x0800132a   0x0800132a   0x00000002   PAD
    0x0800132c   0x0800132c   0x00000286   Code   RO          795    .text.HAL_UART_Transmit  stm32f4xx_hal_uart.o
    0x080015b2   0x080015b2   0x00000002   PAD
    0x080015b4   0x080015b4   0x00000002   Code   RO           35    .text.MemManage_Handler  stm32f4xx_it.o
    0x080015b6   0x080015b6   0x00000002   PAD
    0x080015b8   0x080015b8   0x00000002   Code   RO           33    .text.NMI_Handler   stm32f4xx_it.o
    0x080015ba   0x080015ba   0x00000002   PAD
    0x080015bc   0x080015bc   0x00000012   Code   RO         1274    .text.SysTick_Handler  board.o
    0x080015ce   0x080015ce   0x00000002   PAD
    0x080015d0   0x080015d0   0x000000ac   Code   RO           17    .text.SystemClock_Config  main.o
    0x0800167c   0x0800167c   0x00000086   Code   RO          901    .text.SystemCoreClockUpdate  system_stm32f4xx.o
    0x08001702   0x08001702   0x00000002   PAD
    0x08001704   0x08001704   0x00000012   Code   RO          899    .text.SystemInit    system_stm32f4xx.o
    0x08001716   0x08001716   0x00000002   PAD
    0x08001718   0x08001718   0x0000000c   Code   RO           43    .text.TIM1_UP_TIM10_IRQHandler  stm32f4xx_it.o
    0x08001724   0x08001724   0x0000013c   Code   RO          464    .text.TIM_Base_SetConfig  stm32f4xx_hal_tim.o
    0x08001860   0x08001860   0x000000ee   Code   RO          783    .text.UART_SetConfig  stm32f4xx_hal_uart.o
    0x0800194e   0x0800194e   0x00000002   PAD
    0x08001950   0x08001950   0x00000002   Code   RO           39    .text.UsageFault_Handler  stm32f4xx_it.o
    0x08001952   0x08001952   0x00000002   PAD
    0x08001954   0x08001954   0x00000038   Code   RO         1080    .text.__rt_ffs      kservice.o
    0x0800198c   0x0800198c   0x000000b8   Code   RO           15    .text.main          main.o
    0x08001a44   0x08001a44   0x00000032   Code   RO          953    .text.main_thread_entry  components.o
    0x08001a76   0x08001a76   0x00000002   PAD
    0x08001a78   0x08001a78   0x00000508   Code   RO         1064    .text.print_number  kservice.o
    0x08001f80   0x08001f80   0x0000002c   Code   RO          945    .text.rt_components_board_init  components.o
    0x08001fac   0x08001fac   0x0000001c   Code   RO         1157    .text.rt_enter_critical  scheduler.o
    0x08001fc8   0x08001fc8   0x00000096   Code   RO         1159    .text.rt_exit_critical  scheduler.o
    0x0800205e   0x0800205e   0x00000002   PAD
    0x08002060   0x08002060   0x00000124   Code   RO         1099    .text.rt_free       mem.o
    0x08002184   0x08002184   0x0000000a   Code   RO         1270    .text.rt_heap_begin_get  board.o
    0x0800218e   0x0800218e   0x00000002   PAD
    0x08002190   0x08002190   0x0000000e   Code   RO         1272    .text.rt_heap_end_get  board.o
    0x0800219e   0x0800219e   0x00000002   PAD
    0x080021a0   0x080021a0   0x0000003e   Code   RO         1276    .text.rt_hw_board_init  board.o
    0x080021de   0x080021de   0x00000002   PAD
    0x080021e0   0x080021e0   0x00000060   Code   RO         1280    .text.rt_hw_console_output  board.o
    0x08002240   0x08002240   0x000001a4   Code   RO         1251    .text.rt_hw_hard_fault_exception  cpuport.o
    0x080023e4   0x080023e4   0x00000042   Code   RO         1247    .text.rt_hw_stack_init  cpuport.o
    0x08002426   0x08002426   0x00000002   PAD
    0x08002428   0x08002428   0x0000001c   Code   RO         1013    .text.rt_interrupt_enter  irq.o
    0x08002444   0x08002444   0x0000001c   Code   RO         1015    .text.rt_interrupt_leave  irq.o
    0x08002460   0x08002460   0x00000032   Code   RO         1060    .text.rt_kprintf    kservice.o
    0x08002492   0x08002492   0x00000002   PAD
    0x08002494   0x08002494   0x0000018a   Code   RO         1095    .text.rt_malloc     mem.o
    0x0800261e   0x0800261e   0x00000002   PAD
    0x08002620   0x08002620   0x000000f6   Code   RO         1034    .text.rt_memset     kservice.o
    0x08002716   0x08002716   0x00000002   PAD
    0x08002718   0x08002718   0x00000070   Code   RO         1128    .text.rt_object_allocate  object.o
    0x08002788   0x08002788   0x0000002c   Code   RO         1130    .text.rt_object_delete  object.o
    0x080027b4   0x080027b4   0x00000024   Code   RO         1126    .text.rt_object_detach  object.o
    0x080027d8   0x080027d8   0x0000007e   Code   RO         1124    .text.rt_object_init  object.o
    0x08002856   0x08002856   0x00000002   PAD
    0x08002858   0x08002858   0x00000006   Code   RO         1132    .text.rt_object_is_systemobject  object.o
    0x0800285e   0x0800285e   0x00000002   PAD
    0x08002860   0x08002860   0x00000072   Code   RO         1151    .text.rt_schedule   scheduler.o
    0x080028d2   0x080028d2   0x00000002   PAD
    0x080028d4   0x080028d4   0x00000052   Code   RO         1153    .text.rt_schedule_insert_thread  scheduler.o
    0x08002926   0x08002926   0x00000002   PAD
    0x08002928   0x08002928   0x00000056   Code   RO         1155    .text.rt_schedule_remove_thread  scheduler.o
    0x0800297e   0x0800297e   0x00000002   PAD
    0x08002980   0x08002980   0x00000020   Code   RO          989    .text.rt_sem_init   ipc.o
    0x080029a0   0x080029a0   0x00000052   Code   RO         1001    .text.rt_sem_release  ipc.o
    0x080029f2   0x080029f2   0x00000002   PAD
    0x080029f4   0x080029f4   0x000000f0   Code   RO          997    .text.rt_sem_take   ipc.o
    0x08002ae4   0x08002ae4   0x000000b8   Code   RO         1058    .text.rt_show_version  kservice.o
    0x08002b9c   0x08002b9c   0x0000002e   Code   RO         1044    .text.rt_strlen     kservice.o
    0x08002bca   0x08002bca   0x00000002   PAD
    0x08002bcc   0x08002bcc   0x00000086   Code   RO         1048    .text.rt_strncpy    kservice.o
    0x08002c52   0x08002c52   0x00000002   PAD
    0x08002c54   0x08002c54   0x000000bc   Code   RO         1093    .text.rt_system_heap_init  mem.o
    0x08002d10   0x08002d10   0x0000012a   Code   RO         1147    .text.rt_system_scheduler_init  scheduler.o
    0x08002e3a   0x08002e3a   0x00000002   PAD
    0x08002e3c   0x08002e3c   0x00000030   Code   RO         1149    .text.rt_system_scheduler_start  scheduler.o
    0x08002e6c   0x08002e6c   0x00000010   Code   RO         1234    .text.rt_system_timer_init  timer.o
    0x08002e7c   0x08002e7c   0x00000002   Code   RO         1236    .text.rt_system_timer_thread_init  timer.o
    0x08002e7e   0x08002e7e   0x00000002   PAD
    0x08002e80   0x08002e80   0x000000b0   Code   RO         1186    .text.rt_thread_create  thread.o
    0x08002f30   0x08002f30   0x0000007a   Code   RO         1174    .text.rt_thread_exit  thread.o
    0x08002faa   0x08002faa   0x00000002   PAD
    0x08002fac   0x08002fac   0x0000003e   Code   RO          975    .text.rt_thread_idle_entry  idle.o
    0x08002fea   0x08002fea   0x00000002   PAD
    0x08002fec   0x08002fec   0x00000050   Code   RO          973    .text.rt_thread_idle_init  idle.o
    0x0800303c   0x0800303c   0x0000008e   Code   RO         1176    .text.rt_thread_init  thread.o
    0x080030ca   0x080030ca   0x00000002   PAD
    0x080030cc   0x080030cc   0x0000000e   Code   RO         1200    .text.rt_thread_mdelay  thread.o
    0x080030da   0x080030da   0x00000002   PAD
    0x080030dc   0x080030dc   0x00000046   Code   RO         1182    .text.rt_thread_resume  thread.o
    0x08003122   0x08003122   0x00000002   PAD
    0x08003124   0x08003124   0x0000000c   Code   RO         1178    .text.rt_thread_self  thread.o
    0x08003130   0x08003130   0x00000078   Code   RO         1192    .text.rt_thread_sleep  thread.o
    0x080031a8   0x080031a8   0x0000005c   Code   RO         1180    .text.rt_thread_startup  thread.o
    0x08003204   0x08003204   0x00000042   Code   RO         1194    .text.rt_thread_suspend  thread.o
    0x08003246   0x08003246   0x00000002   PAD
    0x08003248   0x08003248   0x00000028   Code   RO         1204    .text.rt_thread_timeout  thread.o
    0x08003270   0x08003270   0x00000064   Code   RO         1190    .text.rt_thread_yield  thread.o
    0x080032d4   0x080032d4   0x00000034   Code   RO          926    .text.rt_tick_from_millisecond  clock.o
    0x08003308   0x08003308   0x0000000c   Code   RO          920    .text.rt_tick_get   clock.o
    0x08003314   0x08003314   0x00000034   Code   RO          924    .text.rt_tick_increase  clock.o
    0x08003348   0x08003348   0x00000188   Code   RO         1230    .text.rt_timer_check  timer.o
    0x080034d0   0x080034d0   0x00000068   Code   RO         1228    .text.rt_timer_control  timer.o
    0x08003538   0x08003538   0x00000030   Code   RO         1218    .text.rt_timer_detach  timer.o
    0x08003568   0x08003568   0x00000032   Code   RO         1216    .text.rt_timer_init  timer.o
    0x0800359a   0x0800359a   0x00000002   PAD
    0x0800359c   0x0800359c   0x000000d2   Code   RO         1224    .text.rt_timer_start  timer.o
    0x0800366e   0x0800366e   0x00000002   PAD
    0x08003670   0x08003670   0x00000038   Code   RO         1226    .text.rt_timer_stop  timer.o
    0x080036a8   0x080036a8   0x000007f4   Code   RO         1062    .text.rt_vsnprintf  kservice.o
    0x08003e9c   0x08003e9c   0x00000004   Code   RO          941    .text.rti_board_end  components.o
    0x08003ea0   0x08003ea0   0x00000004   Code   RO          939    .text.rti_board_start  components.o
    0x08003ea4   0x08003ea4   0x00000004   Code   RO          943    .text.rti_end       components.o
    0x08003ea8   0x08003ea8   0x00000004   Code   RO          937    .text.rti_start     components.o
    0x08003eac   0x08003eac   0x00000038   Code   RO         1278    .text.uart_init     board.o
    0x08003ee4   0x08003ee4   0x0000001a   Code   RO         1417    x$fpl$fpinit        fz_wm.l(fpinit.o)
    0x08003efe   0x08003efe   0x00000010   Data   RO          904    .rodata.AHBPrescTable  system_stm32f4xx.o
    0x08003f0e   0x08003f0e   0x00000008   Data   RO          905    .rodata.APBPrescTable  system_stm32f4xx.o
    0x08003f16   0x08003f16   0x00000100   Data   RO         1084    .rodata.__lowest_bit_bitmap  kservice.o
    0x08004016   0x08004016   0x00000005   Data   RO          961    .rodata.str1.1      components.o
    0x0800401b   0x0800401b   0x00000093   Data   RO         1258    .rodata.str1.1      cpuport.o
    0x080040ae   0x080040ae   0x00000002   PAD
    0x080040b0   0x080040b0   0x00000004   Data   RO          957    .rti_fn.0           components.o
    0x080040b4   0x080040b4   0x00000004   Data   RO          958    .rti_fn.0.end       components.o
    0x080040b8   0x080040b8   0x00000004   Data   RO         1283    .rti_fn.1           board.o
    0x080040bc   0x080040bc   0x00000004   Data   RO          959    .rti_fn.1.end       components.o
    0x080040c0   0x080040c0   0x00000004   Data   RO          960    .rti_fn.6.end       components.o
    0x080040c4   0x080040c4   0x00000020   Data   RO         1478    Region$$Table       anon$$obj.o


    Execution Region RW_IRAM1 (Exec base: 0x20000000, Load base: 0x080040e8, Size: 0x000046e0, Max: 0x0001c000, ABSOLUTE)

    Exec Addr    Load Addr    Size         Type   Attr      Idx    E Section Name        Object

    0x20000000   0x080040e8   0x00000008   Data   RW          425    .data..L_MergedGlobals  stm32f4xx_hal.o
    0x20000008   0x080040f0   0x00000004   Data   RW          903    .data.SystemCoreClock  system_stm32f4xx.o
    0x2000000c   0x080040f4   0x00000030   Data   RW         1138    .data.rt_object_container  object.o
    0x2000003c   0x08004124   0x00000004   PAD
    0x20000040        -       0x00000060   Zero   RW         1343    .bss                c_w.l(libspace.o)
    0x200000a0        -       0x00000038   Zero   RW         1105    .bss..L_MergedGlobals  mem.o
    0x200000d8        -       0x00000014   Zero   RW         1164    .bss..L_MergedGlobals  scheduler.o
    0x200000ec        -       0x0000000c   Zero   RW         1238    .bss..L_MergedGlobals  timer.o
    0x200000f8        -       0x00000044   Zero   RW         1284    .bss.UartHandle     board.o
    0x2000013c        -       0x00000048   Zero   RW           72    .bss.htim1          stm32f4xx_hal_timebase_tim.o
    0x20000184        -       0x00000044   Zero   RW           23    .bss.huart2         main.o
    0x200001c8        -       0x00000078   Zero   RW          979    .bss.idle           idle.o
    0x20000240        -       0x00000004   Zero   RW         1257    .bss.rt_exception_hook  cpuport.o
    0x20000244        -       0x00003c00   Zero   RW         1282    .bss.rt_heap        board.o
    0x20003e44        -       0x00000004   Zero   RW         1259    .bss.rt_interrupt_from_thread  cpuport.o
    0x20003e48        -       0x00000001   Zero   RW         1019    .bss.rt_interrupt_nest  irq.o
    0x20003e49   0x08004124   0x00000003   PAD
    0x20003e4c        -       0x00000004   Zero   RW         1260    .bss.rt_interrupt_to_thread  cpuport.o
    0x20003e50        -       0x00000080   Zero   RW         1083    .bss.rt_kprintf.rt_log_buf  kservice.o
    0x20003ed0        -       0x00000100   Zero   RW         1163    .bss.rt_thread_priority_table  scheduler.o
    0x20003fd0        -       0x00000100   Zero   RW          980    .bss.rt_thread_stack  idle.o
    0x200040d0        -       0x00000004   Zero   RW         1261    .bss.rt_thread_switch_interrupt_flag  cpuport.o
    0x200040d4        -       0x00000004   Zero   RW          928    .bss.rt_tick        clock.o
    0x200040d8        -       0x00000004   Zero   RW          424    .bss.uwTick         stm32f4xx_hal.o
    0x200040dc   0x08004124   0x00000004   PAD
    0x200040e0        -       0x00000200   Zero   RW            2    HEAP                startup_stm32f407xx.o
    0x200042e0        -       0x00000400   Zero   RW            1    STACK               startup_stm32f407xx.o


    Execution Region RW_IRAM2 (Exec base: 0x2001c000, Load base: 0x08004128, Size: 0x00000000, Max: 0x00004000, ABSOLUTE)

    **** No section assigned to this execution region ****


==============================================================================

Image component sizes


      Code (inc. data)   RO Data    RW Data    ZI Data      Debug   Object Name

       256          0          4          0      15428       4681   board.o
       116          0          0          0          4       2708   clock.o
       194          0         21          0          0       3696   components.o
       308         28          0          0          0        876   context_rvds.o
       486        160        147          0         16       3291   cpuport.o
       142          8          0          0        376       3363   idle.o
       354          0          0          0          0       7103   ipc.o
        56          0          0          0          1       1183   irq.o
      4040        432        256          0        128      26446   kservice.o
       374          8          0          0         68       9191   main.o
       874        144          0          0         56       5676   mem.o
       324          0          0         48          0       7645   object.o
       806          0          0          0        276       6135   scheduler.o
        64         26        392          0       1536        832   startup_stm32f407xx.o
        92          0          0          8          4       7278   stm32f4xx_hal.o
       200          0          0          0          0      10508   stm32f4xx_hal_cortex.o
       448          0          0          0          0       5241   stm32f4xx_hal_gpio.o
       162          0          0          0          0       4850   stm32f4xx_hal_msp.o
      1492          0          0          0          0       7344   stm32f4xx_hal_rcc.o
       954          0          0          0          0      55019   stm32f4xx_hal_tim.o
         4          0          0          0          0      21224   stm32f4xx_hal_tim_ex.o
       176          0          0          0         72       7172   stm32f4xx_hal_timebase_tim.o
       978          0          0          0          0      31701   stm32f4xx_hal_uart.o
        22          0          0          0          0       4070   stm32f4xx_it.o
       152          0         24          4          0       2631   system_stm32f4xx.o
       954          0          0          0          0      10408   thread.o
       878          8          0          0         12       9122   timer.o

    ----------------------------------------------------------------------
     15024        814        878         60      17988     259394   Object Totals
         0          0         32          0          0          0   (incl. Generated)
       118          0          2          0         11          0   (incl. Padding)

    ----------------------------------------------------------------------

      Code (inc. data)   RO Data    RW Data    ZI Data      Debug   Library Member Name

         8          0          0          0          0         68   __main.o
         0          0          0          0          0          0   __rtentry.o
        12          0          0          0          0          0   __rtentry2.o
         6          0          0          0          0          0   __rtentry4.o
        52          8          0          0          0          0   __scatter.o
        26          0          0          0          0          0   __scatter_copy.o
        28          0          0          0          0          0   __scatter_zi.o
        16          0          0          0          0         68   aeabi_memset.o
        18          0          0          0          0         80   exit.o
         6          0          0          0          0        152   heapauxi.o
         0          0          0          0          0          0   indicate_semi.o
         2          0          0          0          0          0   libinit.o
         6          0          0          0          0          0   libinit2.o
         2          0          0          0          0          0   libshutdown.o
         2          0          0          0          0          0   libshutdown2.o
         8          4          0          0         96         68   libspace.o
       240          0          0          0          0        100   lludivv7m.o
        68          0          0          0          0         68   rt_memclr.o
        78          0          0          0          0         80   rt_memclr_w.o
         2          0          0          0          0          0   rtexit.o
        10          0          0          0          0          0   rtexit2.o
        12          4          0          0          0         68   sys_exit.o
        74          0          0          0          0         80   sys_stackheap_outer.o
         2          0          0          0          0         68   use_no_semi.o
        26          0          0          0          0        116   fpinit.o

    ----------------------------------------------------------------------
       710         16          0          0         96       1016   Library Totals
         6          0          0          0          0          0   (incl. Padding)

    ----------------------------------------------------------------------

      Code (inc. data)   RO Data    RW Data    ZI Data      Debug   Library Name

       678         16          0          0         96        900   c_w.l
        26          0          0          0          0        116   fz_wm.l

    ----------------------------------------------------------------------
       710         16          0          0         96       1016   Library Totals

    ----------------------------------------------------------------------

==============================================================================


      Code (inc. data)   RO Data    RW Data    ZI Data      Debug   

     15734        830        878         60      18084     259466   Grand Totals
     15734        830        878         60      18084     259466   ELF Image Totals
     15734        830        878         60          0          0   ROM Totals

==============================================================================

    Total RO  Size (Code + RO Data)                16612 (  16.22kB)
    Total RW  Size (RW Data + ZI Data)             18144 (  17.72kB)
    Total ROM Size (Code + RO Data + RW Data)      16672 (  16.28kB)

==============================================================================

